[20260620_013242] [INFO] Iniciando deploy do projeto 'eTasks-server'
[20260620_013242] [INFO] Executando dotnet publish...
[20260620_013242] [INFO]   Projeto : C:\MeusProjetos\eTasks-server\eTasks-server\eTasks-server\eTasks-server.csproj
[20260620_013242] [INFO]   Destino : C:\MeusProjetos\Publish\eTasks-server
[20260620_013315] [INFO] Publicação concluída.
[20260620_013315] [INFO] Conectando ao FTP: site53116.siteasp.net:21
[20260620_013315] [INFO] Conectado. Limpando /wwwroot...
[20260620_013430] [INFO] Enviando arquivos...
[20260620_013431] [INFO]   ✔ /wwwroot/appsettings.Development.json
[20260620_013431] [INFO]   ✔ /wwwroot/appsettings.json
[20260620_013433] [INFO]   ✔ /wwwroot/aspnetcorev2_inprocess.dll
[20260620_013435] [INFO]   ✔ /wwwroot/AWSSDK.Core.dll
[20260620_013436] [INFO]   ✔ /wwwroot/AWSSDK.SecurityToken.dll
[20260620_013436] [INFO]   ✔ /wwwroot/BCrypt.Net-Next.dll
[20260620_013438] [INFO]   ✔ /wwwroot/clretwrc.dll
[20260620_013439] [INFO]   ✔ /wwwroot/clrgc.dll
[20260620_013441] [INFO]   ✔ /wwwroot/clrjit.dll
[20260620_013443] [INFO]   ✔ /wwwroot/coreclr.dll
[20260620_013444] [INFO]   ✔ /wwwroot/createdump.exe
[20260620_013445] [INFO]   ✔ /wwwroot/DnsClient.dll
[20260620_013446] [INFO]   ✔ /wwwroot/dotnet-tools.json
[20260620_013448] [INFO]   ✔ /wwwroot/eTasks-server.Core.dll
[20260620_013449] [INFO]   ✔ /wwwroot/eTasks-server.Core.pdb
[20260620_013450] [INFO]   ✔ /wwwroot/eTasks-server.deps.json
[20260620_013452] [INFO]   ✔ /wwwroot/eTasks-server.dll
[20260620_013453] [INFO]   ✔ /wwwroot/eTasks-server.exe
[20260620_013454] [INFO]   ✔ /wwwroot/eTasks-server.Models.dll
[20260620_013455] [INFO]   ✔ /wwwroot/eTasks-server.Models.pdb
[20260620_013457] [INFO]   ✔ /wwwroot/eTasks-server.Models.xml
[20260620_013458] [INFO]   ✔ /wwwroot/eTasks-server.pdb
[20260620_013458] [INFO]   ✔ /wwwroot/eTasks-server.runtimeconfig.json
[20260620_013500] [INFO]   ✔ /wwwroot/eTasks-server.staticwebassets.endpoints.json
[20260620_013501] [INFO]   ✔ /wwwroot/HealthChecks.MySql.dll
[20260620_013502] [INFO]   ✔ /wwwroot/hostfxr.dll
[20260620_013504] [INFO]   ✔ /wwwroot/hostpolicy.dll
[20260620_013505] [INFO]   ✔ /wwwroot/Microsoft.AspNetCore.Antiforgery.dll
[20260620_013506] [INFO]   ✔ /wwwroot/Microsoft.AspNetCore.Authentication.Abstractions.dll
[20260620_013507] [INFO]   ✔ /wwwroot/Microsoft.AspNetCore.Authentication.BearerToken.dll
[20260620_013508] [INFO]   ✔ /wwwroot/Microsoft.AspNetCore.Authentication.Cookies.dll
[20260620_013509] [INFO]   ✔ /wwwroot/Microsoft.AspNetCore.Authentication.Core.dll
[20260620_013510] [INFO]   ✔ /wwwroot/Microsoft.AspNetCore.Authentication.dll
[20260620_013511] [INFO]   ✔ /wwwroot/Microsoft.AspNetCore.Authentication.JwtBearer.dll
[20260620_013512] [INFO]   ✔ /wwwroot/Microsoft.AspNetCore.Authentication.OAuth.dll
[20260620_013513] [INFO]   ✔ /wwwroot/Microsoft.AspNetCore.Authorization.dll
[20260620_013514] [INFO]   ✔ /wwwroot/Microsoft.AspNetCore.Authorization.Policy.dll
[20260620_013515] [INFO]   ✔ /wwwroot/Microsoft.AspNetCore.Components.Authorization.dll
[20260620_013517] [INFO]   ✔ /wwwroot/Microsoft.AspNetCore.Components.dll
[20260620_013519] [INFO]   ✔ /wwwroot/Microsoft.AspNetCore.Components.Endpoints.dll
[20260620_013520] [INFO]   ✔ /wwwroot/Microsoft.AspNetCore.Components.Forms.dll
[20260620_013521] [INFO]   ✔ /wwwroot/Microsoft.AspNetCore.Components.Server.dll
[20260620_013523] [INFO]   ✔ /wwwroot/Microsoft.AspNetCore.Components.Web.dll
[20260620_013524] [INFO]   ✔ /wwwroot/Microsoft.AspNetCore.Connections.Abstractions.dll
[20260620_013525] [INFO]   ✔ /wwwroot/Microsoft.AspNetCore.CookiePolicy.dll
[20260620_013526] [INFO]   ✔ /wwwroot/Microsoft.AspNetCore.Cors.dll
[20260620_013527] [INFO]   ✔ /wwwroot/Microsoft.AspNetCore.Cryptography.Internal.dll
[20260620_013528] [INFO]   ✔ /wwwroot/Microsoft.AspNetCore.Cryptography.KeyDerivation.dll
[20260620_013529] [INFO]   ✔ /wwwroot/Microsoft.AspNetCore.DataProtection.Abstractions.dll
[20260620_013530] [INFO]   ✔ /wwwroot/Microsoft.AspNetCore.DataProtection.dll
[20260620_013531] [INFO]   ✔ /wwwroot/Microsoft.AspNetCore.DataProtection.Extensions.dll
[20260620_013532] [INFO]   ✔ /wwwroot/Microsoft.AspNetCore.Diagnostics.Abstractions.dll
[20260620_013534] [INFO]   ✔ /wwwroot/Microsoft.AspNetCore.Diagnostics.dll
[20260620_013535] [INFO]   ✔ /wwwroot/Microsoft.AspNetCore.Diagnostics.HealthChecks.dll
[20260620_013536] [INFO]   ✔ /wwwroot/Microsoft.AspNetCore.dll
[20260620_013537] [INFO]   ✔ /wwwroot/Microsoft.AspNetCore.HostFiltering.dll
[20260620_013538] [INFO]   ✔ /wwwroot/Microsoft.AspNetCore.Hosting.Abstractions.dll
[20260620_013539] [INFO]   ✔ /wwwroot/Microsoft.AspNetCore.Hosting.dll
[20260620_013540] [INFO]   ✔ /wwwroot/Microsoft.AspNetCore.Hosting.Server.Abstractions.dll
[20260620_013541] [INFO]   ✔ /wwwroot/Microsoft.AspNetCore.Html.Abstractions.dll
[20260620_013542] [INFO]   ✔ /wwwroot/Microsoft.AspNetCore.Http.Abstractions.dll
[20260620_013543] [INFO]   ✔ /wwwroot/Microsoft.AspNetCore.Http.Connections.Common.dll
[20260620_013544] [INFO]   ✔ /wwwroot/Microsoft.AspNetCore.Http.Connections.dll
[20260620_013545] [INFO]   ✔ /wwwroot/Microsoft.AspNetCore.Http.dll
[20260620_013547] [INFO]   ✔ /wwwroot/Microsoft.AspNetCore.Http.Extensions.dll
[20260620_013548] [INFO]   ✔ /wwwroot/Microsoft.AspNetCore.Http.Features.dll
[20260620_013549] [INFO]   ✔ /wwwroot/Microsoft.AspNetCore.Http.Results.dll
[20260620_013551] [INFO]   ✔ /wwwroot/Microsoft.AspNetCore.HttpLogging.dll
[20260620_013552] [INFO]   ✔ /wwwroot/Microsoft.AspNetCore.HttpOverrides.dll
[20260620_013553] [INFO]   ✔ /wwwroot/Microsoft.AspNetCore.HttpsPolicy.dll
[20260620_013554] [INFO]   ✔ /wwwroot/Microsoft.AspNetCore.Identity.dll
[20260620_013555] [INFO]   ✔ /wwwroot/Microsoft.AspNetCore.Localization.dll
[20260620_013556] [INFO]   ✔ /wwwroot/Microsoft.AspNetCore.Localization.Routing.dll
[20260620_013557] [INFO]   ✔ /wwwroot/Microsoft.AspNetCore.Metadata.dll
[20260620_013558] [INFO]   ✔ /wwwroot/Microsoft.AspNetCore.Mvc.Abstractions.dll
[20260620_013600] [INFO]   ✔ /wwwroot/Microsoft.AspNetCore.Mvc.ApiExplorer.dll
[20260620_013602] [INFO]   ✔ /wwwroot/Microsoft.AspNetCore.Mvc.Core.dll
[20260620_013603] [INFO]   ✔ /wwwroot/Microsoft.AspNetCore.Mvc.Cors.dll
[20260620_013604] [INFO]   ✔ /wwwroot/Microsoft.AspNetCore.Mvc.DataAnnotations.dll
[20260620_013605] [INFO]   ✔ /wwwroot/Microsoft.AspNetCore.Mvc.dll
[20260620_013605] [INFO]   ✔ /wwwroot/Microsoft.AspNetCore.Mvc.Formatters.Json.dll
[20260620_013607] [INFO]   ✔ /wwwroot/Microsoft.AspNetCore.Mvc.Formatters.Xml.dll
[20260620_013608] [INFO]   ✔ /wwwroot/Microsoft.AspNetCore.Mvc.Localization.dll
[20260620_013609] [INFO]   ✔ /wwwroot/Microsoft.AspNetCore.Mvc.Razor.dll
[20260620_013610] [INFO]   ✔ /wwwroot/Microsoft.AspNetCore.Mvc.RazorPages.dll
[20260620_013612] [INFO]   ✔ /wwwroot/Microsoft.AspNetCore.Mvc.TagHelpers.dll
[20260620_013613] [INFO]   ✔ /wwwroot/Microsoft.AspNetCore.Mvc.ViewFeatures.dll
[20260620_013615] [INFO]   ✔ /wwwroot/Microsoft.AspNetCore.OpenApi.dll
[20260620_013616] [INFO]   ✔ /wwwroot/Microsoft.AspNetCore.OutputCaching.dll
[20260620_013618] [INFO]   ✔ /wwwroot/Microsoft.AspNetCore.RateLimiting.dll
[20260620_013619] [INFO]   ✔ /wwwroot/Microsoft.AspNetCore.Razor.dll
[20260620_013620] [INFO]   ✔ /wwwroot/Microsoft.AspNetCore.Razor.Runtime.dll
[20260620_013621] [INFO]   ✔ /wwwroot/Microsoft.AspNetCore.RequestDecompression.dll
[20260620_013621] [INFO]   ✔ /wwwroot/Microsoft.AspNetCore.ResponseCaching.Abstractions.dll
[20260620_013623] [INFO]   ✔ /wwwroot/Microsoft.AspNetCore.ResponseCaching.dll
[20260620_013624] [INFO]   ✔ /wwwroot/Microsoft.AspNetCore.ResponseCompression.dll
[20260620_013625] [INFO]   ✔ /wwwroot/Microsoft.AspNetCore.Rewrite.dll
[20260620_013626] [INFO]   ✔ /wwwroot/Microsoft.AspNetCore.Routing.Abstractions.dll
[20260620_013627] [INFO]   ✔ /wwwroot/Microsoft.AspNetCore.Routing.dll
[20260620_013629] [INFO]   ✔ /wwwroot/Microsoft.AspNetCore.Server.HttpSys.dll
[20260620_013631] [INFO]   ✔ /wwwroot/Microsoft.AspNetCore.Server.IIS.dll
[20260620_013632] [INFO]   ✔ /wwwroot/Microsoft.AspNetCore.Server.IISIntegration.dll
[20260620_013634] [INFO]   ✔ /wwwroot/Microsoft.AspNetCore.Server.Kestrel.Core.dll
[20260620_013634] [INFO]   ✔ /wwwroot/Microsoft.AspNetCore.Server.Kestrel.dll
[20260620_013635] [INFO]   ✔ /wwwroot/Microsoft.AspNetCore.Server.Kestrel.Transport.NamedPipes.dll
[20260620_013637] [INFO]   ✔ /wwwroot/Microsoft.AspNetCore.Server.Kestrel.Transport.Quic.dll
[20260620_013638] [INFO]   ✔ /wwwroot/Microsoft.AspNetCore.Server.Kestrel.Transport.Sockets.dll
[20260620_013639] [INFO]   ✔ /wwwroot/Microsoft.AspNetCore.Session.dll
[20260620_013640] [INFO]   ✔ /wwwroot/Microsoft.AspNetCore.SignalR.Common.dll
[20260620_013641] [INFO]   ✔ /wwwroot/Microsoft.AspNetCore.SignalR.Core.dll
[20260620_013642] [INFO]   ✔ /wwwroot/Microsoft.AspNetCore.SignalR.dll
[20260620_013643] [INFO]   ✔ /wwwroot/Microsoft.AspNetCore.SignalR.Protocols.Json.dll
[20260620_013644] [INFO]   ✔ /wwwroot/Microsoft.AspNetCore.StaticAssets.dll
[20260620_013646] [INFO]   ✔ /wwwroot/Microsoft.AspNetCore.StaticFiles.dll
[20260620_013647] [INFO]   ✔ /wwwroot/Microsoft.AspNetCore.WebSockets.dll
[20260620_013648] [INFO]   ✔ /wwwroot/Microsoft.AspNetCore.WebUtilities.dll
[20260620_013649] [INFO]   ✔ /wwwroot/Microsoft.CSharp.dll
[20260620_013651] [INFO]   ✔ /wwwroot/Microsoft.DiaSymReader.Native.x86.dll
[20260620_013652] [INFO]   ✔ /wwwroot/Microsoft.EntityFrameworkCore.Abstractions.dll
[20260620_013654] [INFO]   ✔ /wwwroot/Microsoft.EntityFrameworkCore.dll
[20260620_013656] [INFO]   ✔ /wwwroot/Microsoft.EntityFrameworkCore.Relational.dll
[20260620_013657] [INFO]   ✔ /wwwroot/Microsoft.Extensions.Caching.Abstractions.dll
[20260620_013658] [INFO]   ✔ /wwwroot/Microsoft.Extensions.Caching.Memory.dll
[20260620_013659] [INFO]   ✔ /wwwroot/Microsoft.Extensions.Configuration.Abstractions.dll
[20260620_013700] [INFO]   ✔ /wwwroot/Microsoft.Extensions.Configuration.Binder.dll
[20260620_013701] [INFO]   ✔ /wwwroot/Microsoft.Extensions.Configuration.CommandLine.dll
[20260620_013702] [INFO]   ✔ /wwwroot/Microsoft.Extensions.Configuration.dll
[20260620_013703] [INFO]   ✔ /wwwroot/Microsoft.Extensions.Configuration.EnvironmentVariables.dll
[20260620_013704] [INFO]   ✔ /wwwroot/Microsoft.Extensions.Configuration.FileExtensions.dll
[20260620_013705] [INFO]   ✔ /wwwroot/Microsoft.Extensions.Configuration.Ini.dll
[20260620_013706] [INFO]   ✔ /wwwroot/Microsoft.Extensions.Configuration.Json.dll
[20260620_013707] [INFO]   ✔ /wwwroot/Microsoft.Extensions.Configuration.KeyPerFile.dll
[20260620_013708] [INFO]   ✔ /wwwroot/Microsoft.Extensions.Configuration.UserSecrets.dll
[20260620_013709] [INFO]   ✔ /wwwroot/Microsoft.Extensions.Configuration.Xml.dll
[20260620_013710] [INFO]   ✔ /wwwroot/Microsoft.Extensions.DependencyInjection.Abstractions.dll
[20260620_013711] [INFO]   ✔ /wwwroot/Microsoft.Extensions.DependencyInjection.dll
[20260620_013712] [INFO]   ✔ /wwwroot/Microsoft.Extensions.DependencyModel.dll
[20260620_013713] [INFO]   ✔ /wwwroot/Microsoft.Extensions.Diagnostics.Abstractions.dll
[20260620_013714] [INFO]   ✔ /wwwroot/Microsoft.Extensions.Diagnostics.dll
[20260620_013715] [INFO]   ✔ /wwwroot/Microsoft.Extensions.Diagnostics.HealthChecks.Abstractions.dll
[20260620_013716] [INFO]   ✔ /wwwroot/Microsoft.Extensions.Diagnostics.HealthChecks.dll
[20260620_013717] [INFO]   ✔ /wwwroot/Microsoft.Extensions.Features.dll
[20260620_013718] [INFO]   ✔ /wwwroot/Microsoft.Extensions.FileProviders.Abstractions.dll
[20260620_013719] [INFO]   ✔ /wwwroot/Microsoft.Extensions.FileProviders.Composite.dll
[20260620_013720] [INFO]   ✔ /wwwroot/Microsoft.Extensions.FileProviders.Embedded.dll
[20260620_013721] [INFO]   ✔ /wwwroot/Microsoft.Extensions.FileProviders.Physical.dll
[20260620_013722] [INFO]   ✔ /wwwroot/Microsoft.Extensions.FileSystemGlobbing.dll
[20260620_013723] [INFO]   ✔ /wwwroot/Microsoft.Extensions.Hosting.Abstractions.dll
[20260620_013724] [INFO]   ✔ /wwwroot/Microsoft.Extensions.Hosting.dll
[20260620_013725] [INFO]   ✔ /wwwroot/Microsoft.Extensions.Http.dll
[20260620_013727] [INFO]   ✔ /wwwroot/Microsoft.Extensions.Identity.Core.dll
[20260620_013728] [INFO]   ✔ /wwwroot/Microsoft.Extensions.Identity.Stores.dll
[20260620_013729] [INFO]   ✔ /wwwroot/Microsoft.Extensions.Localization.Abstractions.dll
[20260620_013729] [INFO]   ✔ /wwwroot/Microsoft.Extensions.Localization.dll
[20260620_013731] [INFO]   ✔ /wwwroot/Microsoft.Extensions.Logging.Abstractions.dll
[20260620_013732] [INFO]   ✔ /wwwroot/Microsoft.Extensions.Logging.Configuration.dll
[20260620_013733] [INFO]   ✔ /wwwroot/Microsoft.Extensions.Logging.Console.dll
[20260620_013734] [INFO]   ✔ /wwwroot/Microsoft.Extensions.Logging.Debug.dll
[20260620_013735] [INFO]   ✔ /wwwroot/Microsoft.Extensions.Logging.dll
[20260620_013736] [INFO]   ✔ /wwwroot/Microsoft.Extensions.Logging.EventLog.dll
[20260620_013737] [INFO]   ✔ /wwwroot/Microsoft.Extensions.Logging.EventSource.dll
[20260620_013738] [INFO]   ✔ /wwwroot/Microsoft.Extensions.Logging.TraceSource.dll
[20260620_013738] [INFO]   ✔ /wwwroot/Microsoft.Extensions.ObjectPool.dll
[20260620_013739] [INFO]   ✔ /wwwroot/Microsoft.Extensions.Options.ConfigurationExtensions.dll
[20260620_013740] [INFO]   ✔ /wwwroot/Microsoft.Extensions.Options.DataAnnotations.dll
[20260620_013741] [INFO]   ✔ /wwwroot/Microsoft.Extensions.Options.dll
[20260620_013742] [INFO]   ✔ /wwwroot/Microsoft.Extensions.Primitives.dll
[20260620_013743] [INFO]   ✔ /wwwroot/Microsoft.Extensions.Validation.dll
[20260620_013744] [INFO]   ✔ /wwwroot/Microsoft.Extensions.WebEncoders.dll
[20260620_013745] [INFO]   ✔ /wwwroot/Microsoft.IdentityModel.Abstractions.dll
[20260620_013746] [INFO]   ✔ /wwwroot/Microsoft.IdentityModel.JsonWebTokens.dll
[20260620_013747] [INFO]   ✔ /wwwroot/Microsoft.IdentityModel.Logging.dll
[20260620_013747] [INFO]   ✔ /wwwroot/Microsoft.IdentityModel.Protocols.dll
[20260620_013749] [INFO]   ✔ /wwwroot/Microsoft.IdentityModel.Protocols.OpenIdConnect.dll
[20260620_013750] [INFO]   ✔ /wwwroot/Microsoft.IdentityModel.Tokens.dll
[20260620_013751] [INFO]   ✔ /wwwroot/Microsoft.JSInterop.dll
[20260620_013752] [INFO]   ✔ /wwwroot/Microsoft.Net.Http.Headers.dll
[20260620_013754] [INFO]   ✔ /wwwroot/Microsoft.OpenApi.dll
[20260620_013756] [INFO]   ✔ /wwwroot/Microsoft.VisualBasic.Core.dll
[20260620_013757] [INFO]   ✔ /wwwroot/Microsoft.VisualBasic.dll
[20260620_013757] [INFO]   ✔ /wwwroot/Microsoft.Win32.Primitives.dll
[20260620_013758] [INFO]   ✔ /wwwroot/Microsoft.Win32.Registry.dll
[20260620_013800] [INFO]   ✔ /wwwroot/mongocrypt.dll
[20260620_013802] [INFO]   ✔ /wwwroot/MongoDB.Bson.dll
[20260620_013804] [INFO]   ✔ /wwwroot/MongoDB.Driver.Core.dll
[20260620_013806] [INFO]   ✔ /wwwroot/MongoDB.Driver.dll
[20260620_013807] [INFO]   ✔ /wwwroot/MongoDB.Libmongocrypt.dll
[20260620_013809] [INFO]   ✔ /wwwroot/mscordaccore.dll
[20260620_013810] [INFO]   ✔ /wwwroot/mscordaccore_x86_x86_10.0.826.23019.dll
[20260620_013812] [INFO]   ✔ /wwwroot/mscordbi.dll
[20260620_013813] [INFO]   ✔ /wwwroot/mscorlib.dll
[20260620_013814] [INFO]   ✔ /wwwroot/mscorrc.dll
[20260620_013816] [INFO]   ✔ /wwwroot/msquic.dll
[20260620_013819] [INFO]   ✔ /wwwroot/MudBlazor.dll
[20260620_013821] [INFO]   ✔ /wwwroot/MySqlConnector.dll
[20260620_013822] [INFO]   ✔ /wwwroot/netstandard.dll
[20260620_013824] [INFO]   ✔ /wwwroot/Pomelo.EntityFrameworkCore.MySql.dll
[20260620_013826] [INFO]   ✔ /wwwroot/Scalar.AspNetCore.dll
[20260620_013827] [INFO]   ✔ /wwwroot/Serilog.AspNetCore.dll
[20260620_013828] [INFO]   ✔ /wwwroot/Serilog.dll
[20260620_013828] [INFO]   ✔ /wwwroot/Serilog.Enrichers.Environment.dll
[20260620_013829] [INFO]   ✔ /wwwroot/Serilog.Enrichers.Thread.dll
[20260620_013830] [INFO]   ✔ /wwwroot/Serilog.Extensions.Hosting.dll
[20260620_013831] [INFO]   ✔ /wwwroot/Serilog.Extensions.Logging.dll
[20260620_013832] [INFO]   ✔ /wwwroot/Serilog.Formatting.Compact.dll
[20260620_013833] [INFO]   ✔ /wwwroot/Serilog.Settings.Configuration.dll
[20260620_013834] [INFO]   ✔ /wwwroot/Serilog.Sinks.Console.dll
[20260620_013834] [INFO]   ✔ /wwwroot/Serilog.Sinks.Debug.dll
[20260620_013835] [INFO]   ✔ /wwwroot/Serilog.Sinks.File.dll
[20260620_013837] [INFO]   ✔ /wwwroot/SharpCompress.dll
[20260620_013838] [INFO]   ✔ /wwwroot/Snappier.dll
[20260620_013839] [INFO]   ✔ /wwwroot/System.AppContext.dll
[20260620_013840] [INFO]   ✔ /wwwroot/System.Buffers.dll
[20260620_013841] [INFO]   ✔ /wwwroot/System.Collections.Concurrent.dll
[20260620_013843] [INFO]   ✔ /wwwroot/System.Collections.dll
[20260620_013844] [INFO]   ✔ /wwwroot/System.Collections.Immutable.dll
[20260620_013845] [INFO]   ✔ /wwwroot/System.Collections.NonGeneric.dll
[20260620_013846] [INFO]   ✔ /wwwroot/System.Collections.Specialized.dll
[20260620_013847] [INFO]   ✔ /wwwroot/System.ComponentModel.Annotations.dll
[20260620_013848] [INFO]   ✔ /wwwroot/System.ComponentModel.DataAnnotations.dll
[20260620_013849] [INFO]   ✔ /wwwroot/System.ComponentModel.dll
[20260620_013850] [INFO]   ✔ /wwwroot/System.ComponentModel.EventBasedAsync.dll
[20260620_013851] [INFO]   ✔ /wwwroot/System.ComponentModel.Primitives.dll
[20260620_013853] [INFO]   ✔ /wwwroot/System.ComponentModel.TypeConverter.dll
[20260620_013853] [INFO]   ✔ /wwwroot/System.Configuration.dll
[20260620_013855] [INFO]   ✔ /wwwroot/System.Console.dll
[20260620_013855] [INFO]   ✔ /wwwroot/System.Core.dll
[20260620_013858] [INFO]   ✔ /wwwroot/System.Data.Common.dll
[20260620_013858] [INFO]   ✔ /wwwroot/System.Data.DataSetExtensions.dll
[20260620_013859] [INFO]   ✔ /wwwroot/System.Data.dll
[20260620_013900] [INFO]   ✔ /wwwroot/System.Diagnostics.Contracts.dll
[20260620_013901] [INFO]   ✔ /wwwroot/System.Diagnostics.Debug.dll
[20260620_013902] [INFO]   ✔ /wwwroot/System.Diagnostics.DiagnosticSource.dll
[20260620_013904] [INFO]   ✔ /wwwroot/System.Diagnostics.EventLog.dll
[20260620_013905] [INFO]   ✔ /wwwroot/System.Diagnostics.EventLog.Messages.dll
[20260620_013906] [INFO]   ✔ /wwwroot/System.Diagnostics.FileVersionInfo.dll
[20260620_013908] [INFO]   ✔ /wwwroot/System.Diagnostics.Process.dll
[20260620_013909] [INFO]   ✔ /wwwroot/System.Diagnostics.StackTrace.dll
[20260620_013909] [INFO]   ✔ /wwwroot/System.Diagnostics.TextWriterTraceListener.dll
[20260620_013910] [INFO]   ✔ /wwwroot/System.Diagnostics.Tools.dll
[20260620_013911] [INFO]   ✔ /wwwroot/System.Diagnostics.TraceSource.dll
[20260620_013912] [INFO]   ✔ /wwwroot/System.Diagnostics.Tracing.dll
[20260620_013913] [INFO]   ✔ /wwwroot/System.dll
[20260620_013914] [INFO]   ✔ /wwwroot/System.Drawing.dll
[20260620_013915] [INFO]   ✔ /wwwroot/System.Drawing.Primitives.dll
[20260620_013916] [INFO]   ✔ /wwwroot/System.Dynamic.Runtime.dll
[20260620_013917] [INFO]   ✔ /wwwroot/System.Formats.Asn1.dll
[20260620_013918] [INFO]   ✔ /wwwroot/System.Formats.Cbor.dll
[20260620_013920] [INFO]   ✔ /wwwroot/System.Formats.Tar.dll
[20260620_013921] [INFO]   ✔ /wwwroot/System.Globalization.Calendars.dll
[20260620_013921] [INFO]   ✔ /wwwroot/System.Globalization.dll
[20260620_013922] [INFO]   ✔ /wwwroot/System.Globalization.Extensions.dll
[20260620_013923] [INFO]   ✔ /wwwroot/System.IdentityModel.Tokens.Jwt.dll
[20260620_013924] [INFO]   ✔ /wwwroot/System.IO.Compression.Brotli.dll
[20260620_013926] [INFO]   ✔ /wwwroot/System.IO.Compression.dll
[20260620_013926] [INFO]   ✔ /wwwroot/System.IO.Compression.FileSystem.dll
[20260620_013928] [INFO]   ✔ /wwwroot/System.IO.Compression.Native.dll
[20260620_013929] [INFO]   ✔ /wwwroot/System.IO.Compression.ZipFile.dll
[20260620_013930] [INFO]   ✔ /wwwroot/System.IO.dll
[20260620_013931] [INFO]   ✔ /wwwroot/System.IO.FileSystem.AccessControl.dll
[20260620_013932] [INFO]   ✔ /wwwroot/System.IO.FileSystem.dll
[20260620_013933] [INFO]   ✔ /wwwroot/System.IO.FileSystem.DriveInfo.dll
[20260620_013933] [INFO]   ✔ /wwwroot/System.IO.FileSystem.Primitives.dll
[20260620_013934] [INFO]   ✔ /wwwroot/System.IO.FileSystem.Watcher.dll
[20260620_013935] [INFO]   ✔ /wwwroot/System.IO.IsolatedStorage.dll
[20260620_013936] [INFO]   ✔ /wwwroot/System.IO.MemoryMappedFiles.dll
[20260620_013937] [INFO]   ✔ /wwwroot/System.IO.Pipelines.dll
[20260620_013938] [INFO]   ✔ /wwwroot/System.IO.Pipes.AccessControl.dll
[20260620_013939] [INFO]   ✔ /wwwroot/System.IO.Pipes.dll
[20260620_013940] [INFO]   ✔ /wwwroot/System.IO.UnmanagedMemoryStream.dll
[20260620_013942] [INFO]   ✔ /wwwroot/System.Linq.AsyncEnumerable.dll
[20260620_013944] [INFO]   ✔ /wwwroot/System.Linq.dll
[20260620_013946] [INFO]   ✔ /wwwroot/System.Linq.Expressions.dll
[20260620_013947] [INFO]   ✔ /wwwroot/System.Linq.Parallel.dll
[20260620_013949] [INFO]   ✔ /wwwroot/System.Linq.Queryable.dll
[20260620_013950] [INFO]   ✔ /wwwroot/System.Memory.dll
[20260620_013950] [INFO]   ✔ /wwwroot/System.Net.dll
[20260620_013952] [INFO]   ✔ /wwwroot/System.Net.Http.dll
[20260620_013954] [INFO]   ✔ /wwwroot/System.Net.Http.Json.dll
[20260620_013955] [INFO]   ✔ /wwwroot/System.Net.HttpListener.dll
[20260620_013956] [INFO]   ✔ /wwwroot/System.Net.Mail.dll
[20260620_013958] [INFO]   ✔ /wwwroot/System.Net.NameResolution.dll
[20260620_013959] [INFO]   ✔ /wwwroot/System.Net.NetworkInformation.dll
[20260620_014000] [INFO]   ✔ /wwwroot/System.Net.Ping.dll
[20260620_014001] [INFO]   ✔ /wwwroot/System.Net.Primitives.dll
[20260620_014002] [INFO]   ✔ /wwwroot/System.Net.Quic.dll
[20260620_014004] [INFO]   ✔ /wwwroot/System.Net.Requests.dll
[20260620_014005] [INFO]   ✔ /wwwroot/System.Net.Security.dll
[20260620_014006] [INFO]   ✔ /wwwroot/System.Net.ServerSentEvents.dll
[20260620_014007] [INFO]   ✔ /wwwroot/System.Net.ServicePoint.dll
[20260620_014008] [INFO]   ✔ /wwwroot/System.Net.Sockets.dll
[20260620_014010] [INFO]   ✔ /wwwroot/System.Net.WebClient.dll
[20260620_014010] [INFO]   ✔ /wwwroot/System.Net.WebHeaderCollection.dll
[20260620_014011] [INFO]   ✔ /wwwroot/System.Net.WebProxy.dll
[20260620_014012] [INFO]   ✔ /wwwroot/System.Net.WebSockets.Client.dll
[20260620_014014] [INFO]   ✔ /wwwroot/System.Net.WebSockets.dll
[20260620_014015] [INFO]   ✔ /wwwroot/System.Numerics.dll
[20260620_014015] [INFO]   ✔ /wwwroot/System.Numerics.Vectors.dll
[20260620_014016] [INFO]   ✔ /wwwroot/System.ObjectModel.dll
[20260620_014020] [INFO]   ✔ /wwwroot/System.Private.CoreLib.dll
[20260620_014022] [INFO]   ✔ /wwwroot/System.Private.DataContractSerialization.dll
[20260620_014023] [INFO]   ✔ /wwwroot/System.Private.Uri.dll
[20260620_014026] [INFO]   ✔ /wwwroot/System.Private.Xml.dll
[20260620_014027] [INFO]   ✔ /wwwroot/System.Private.Xml.Linq.dll
[20260620_014028] [INFO]   ✔ /wwwroot/System.Reflection.DispatchProxy.dll
[20260620_014029] [INFO]   ✔ /wwwroot/System.Reflection.dll
[20260620_014030] [INFO]   ✔ /wwwroot/System.Reflection.Emit.dll
[20260620_014031] [INFO]   ✔ /wwwroot/System.Reflection.Emit.ILGeneration.dll
[20260620_014032] [INFO]   ✔ /wwwroot/System.Reflection.Emit.Lightweight.dll
[20260620_014033] [INFO]   ✔ /wwwroot/System.Reflection.Extensions.dll
[20260620_014034] [INFO]   ✔ /wwwroot/System.Reflection.Metadata.dll
[20260620_014035] [INFO]   ✔ /wwwroot/System.Reflection.Primitives.dll
[20260620_014036] [INFO]   ✔ /wwwroot/System.Reflection.TypeExtensions.dll
[20260620_014037] [INFO]   ✔ /wwwroot/System.Resources.Reader.dll
[20260620_014038] [INFO]   ✔ /wwwroot/System.Resources.ResourceManager.dll
[20260620_014039] [INFO]   ✔ /wwwroot/System.Resources.Writer.dll
[20260620_014039] [INFO]   ✔ /wwwroot/System.Runtime.CompilerServices.Unsafe.dll
[20260620_014040] [INFO]   ✔ /wwwroot/System.Runtime.CompilerServices.VisualC.dll
[20260620_014041] [INFO]   ✔ /wwwroot/System.Runtime.dll
[20260620_014042] [INFO]   ✔ /wwwroot/System.Runtime.Extensions.dll
[20260620_014043] [INFO]   ✔ /wwwroot/System.Runtime.Handles.dll
[20260620_014044] [INFO]   ✔ /wwwroot/System.Runtime.InteropServices.dll
[20260620_014045] [INFO]   ✔ /wwwroot/System.Runtime.InteropServices.JavaScript.dll
[20260620_014046] [INFO]   ✔ /wwwroot/System.Runtime.InteropServices.RuntimeInformation.dll
[20260620_014047] [INFO]   ✔ /wwwroot/System.Runtime.Intrinsics.dll
[20260620_014047] [INFO]   ✔ /wwwroot/System.Runtime.Loader.dll
[20260620_014049] [INFO]   ✔ /wwwroot/System.Runtime.Numerics.dll
[20260620_014050] [INFO]   ✔ /wwwroot/System.Runtime.Serialization.dll
[20260620_014051] [INFO]   ✔ /wwwroot/System.Runtime.Serialization.Formatters.dll
[20260620_014052] [INFO]   ✔ /wwwroot/System.Runtime.Serialization.Json.dll
[20260620_014052] [INFO]   ✔ /wwwroot/System.Runtime.Serialization.Primitives.dll
[20260620_014053] [INFO]   ✔ /wwwroot/System.Runtime.Serialization.Xml.dll
[20260620_014055] [INFO]   ✔ /wwwroot/System.Security.AccessControl.dll
[20260620_014056] [INFO]   ✔ /wwwroot/System.Security.Claims.dll
[20260620_014057] [INFO]   ✔ /wwwroot/System.Security.Cryptography.Algorithms.dll
[20260620_014057] [INFO]   ✔ /wwwroot/System.Security.Cryptography.Cng.dll
[20260620_014058] [INFO]   ✔ /wwwroot/System.Security.Cryptography.Csp.dll
[20260620_014100] [INFO]   ✔ /wwwroot/System.Security.Cryptography.dll
[20260620_014101] [INFO]   ✔ /wwwroot/System.Security.Cryptography.Encoding.dll
[20260620_014102] [INFO]   ✔ /wwwroot/System.Security.Cryptography.OpenSsl.dll
[20260620_014104] [INFO]   ✔ /wwwroot/System.Security.Cryptography.Pkcs.dll
[20260620_014104] [INFO]   ✔ /wwwroot/System.Security.Cryptography.Primitives.dll
[20260620_014106] [INFO]   ✔ /wwwroot/System.Security.Cryptography.X509Certificates.dll
[20260620_014107] [INFO]   ✔ /wwwroot/System.Security.Cryptography.Xml.dll
[20260620_014108] [INFO]   ✔ /wwwroot/System.Security.dll
[20260620_014109] [INFO]   ✔ /wwwroot/System.Security.Principal.dll
[20260620_014110] [INFO]   ✔ /wwwroot/System.Security.Principal.Windows.dll
[20260620_014111] [INFO]   ✔ /wwwroot/System.Security.SecureString.dll
[20260620_014112] [INFO]   ✔ /wwwroot/System.ServiceModel.Web.dll
[20260620_014112] [INFO]   ✔ /wwwroot/System.ServiceProcess.dll
[20260620_014114] [INFO]   ✔ /wwwroot/System.Text.Encoding.CodePages.dll
[20260620_014115] [INFO]   ✔ /wwwroot/System.Text.Encoding.dll
[20260620_014116] [INFO]   ✔ /wwwroot/System.Text.Encoding.Extensions.dll
[20260620_014117] [INFO]   ✔ /wwwroot/System.Text.Encodings.Web.dll
[20260620_014119] [INFO]   ✔ /wwwroot/System.Text.Json.dll
[20260620_014121] [INFO]   ✔ /wwwroot/System.Text.RegularExpressions.dll
[20260620_014121] [INFO]   ✔ /wwwroot/System.Threading.AccessControl.dll
[20260620_014123] [INFO]   ✔ /wwwroot/System.Threading.Channels.dll
[20260620_014124] [INFO]   ✔ /wwwroot/System.Threading.dll
[20260620_014124] [INFO]   ✔ /wwwroot/System.Threading.Overlapped.dll
[20260620_014126] [INFO]   ✔ /wwwroot/System.Threading.RateLimiting.dll
[20260620_014127] [INFO]   ✔ /wwwroot/System.Threading.Tasks.Dataflow.dll
[20260620_014128] [INFO]   ✔ /wwwroot/System.Threading.Tasks.dll
[20260620_014129] [INFO]   ✔ /wwwroot/System.Threading.Tasks.Extensions.dll
[20260620_014130] [INFO]   ✔ /wwwroot/System.Threading.Tasks.Parallel.dll
[20260620_014131] [INFO]   ✔ /wwwroot/System.Threading.Thread.dll
[20260620_014131] [INFO]   ✔ /wwwroot/System.Threading.ThreadPool.dll
[20260620_014132] [INFO]   ✔ /wwwroot/System.Threading.Timer.dll
[20260620_014133] [INFO]   ✔ /wwwroot/System.Transactions.dll
[20260620_014135] [INFO]   ✔ /wwwroot/System.Transactions.Local.dll
[20260620_014135] [INFO]   ✔ /wwwroot/System.ValueTuple.dll
[20260620_014136] [INFO]   ✔ /wwwroot/System.Web.dll
[20260620_014137] [INFO]   ✔ /wwwroot/System.Web.HttpUtility.dll
[20260620_014138] [INFO]   ✔ /wwwroot/System.Windows.dll
[20260620_014139] [INFO]   ✔ /wwwroot/System.Xml.dll
[20260620_014140] [INFO]   ✔ /wwwroot/System.Xml.Linq.dll
[20260620_014140] [INFO]   ✔ /wwwroot/System.Xml.ReaderWriter.dll
[20260620_014141] [INFO]   ✔ /wwwroot/System.Xml.Serialization.dll
[20260620_014142] [INFO]   ✔ /wwwroot/System.Xml.XDocument.dll
[20260620_014143] [INFO]   ✔ /wwwroot/System.Xml.XmlDocument.dll
[20260620_014144] [INFO]   ✔ /wwwroot/System.Xml.XmlSerializer.dll
[20260620_014144] [INFO]   ✔ /wwwroot/System.Xml.XPath.dll
[20260620_014145] [INFO]   ✔ /wwwroot/System.Xml.XPath.XDocument.dll
[20260620_014146] [INFO]   ✔ /wwwroot/web.config
[20260620_014147] [INFO]   ✔ /wwwroot/WindowsBase.dll
[20260620_014148] [INFO]   ✔ wwwroot/About.txt
[20260620_014148] [INFO]   ✔ wwwroot/About.txt.br
[20260620_014149] [INFO]   ✔ wwwroot/About.txt.gz
[20260620_014150] [INFO]   ✔ wwwroot/app.css
[20260620_014150] [INFO]   ✔ wwwroot/app.css.br
[20260620_014151] [INFO]   ✔ wwwroot/app.css.gz
[20260620_014152] [INFO]   ✔ wwwroot/eTasks-server.styles.css
[20260620_014152] [INFO]   ✔ wwwroot/eTasks-server.styles.css.br
[20260620_014153] [INFO]   ✔ wwwroot/eTasks-server.styles.css.gz
[20260620_014155] [INFO]   ✔ wwwroot/eTasks2.webp
[20260620_014155] [INFO]   ✔ wwwroot/favicon.png
[20260620_014157] [INFO]   ✔ css/bootstrap-grid.css
[20260620_014158] [INFO]   ✔ css/bootstrap-grid.css.br
[20260620_014159] [INFO]   ✔ css/bootstrap-grid.css.gz
[20260620_014200] [INFO]   ✔ css/bootstrap-grid.css.map
[20260620_014201] [INFO]   ✔ css/bootstrap-grid.css.map.br
[20260620_014202] [INFO]   ✔ css/bootstrap-grid.css.map.gz
[20260620_014203] [INFO]   ✔ css/bootstrap-grid.min.css
[20260620_014203] [INFO]   ✔ css/bootstrap-grid.min.css.br
[20260620_014204] [INFO]   ✔ css/bootstrap-grid.min.css.gz
[20260620_014205] [INFO]   ✔ css/bootstrap-grid.min.css.map
[20260620_014206] [INFO]   ✔ css/bootstrap-grid.min.css.map.br
[20260620_014206] [INFO]   ✔ css/bootstrap-grid.min.css.map.gz
[20260620_014207] [INFO]   ✔ css/bootstrap-grid.rtl.css
[20260620_014208] [INFO]   ✔ css/bootstrap-grid.rtl.css.br
[20260620_014209] [INFO]   ✔ css/bootstrap-grid.rtl.css.gz
[20260620_014210] [INFO]   ✔ css/bootstrap-grid.rtl.css.map
[20260620_014211] [INFO]   ✔ css/bootstrap-grid.rtl.css.map.br
[20260620_014212] [INFO]   ✔ css/bootstrap-grid.rtl.css.map.gz
[20260620_014213] [INFO]   ✔ css/bootstrap-grid.rtl.min.css
[20260620_014213] [INFO]   ✔ css/bootstrap-grid.rtl.min.css.br
[20260620_014214] [INFO]   ✔ css/bootstrap-grid.rtl.min.css.gz
[20260620_014215] [INFO]   ✔ css/bootstrap-grid.rtl.min.css.map
[20260620_014216] [INFO]   ✔ css/bootstrap-grid.rtl.min.css.map.br
[20260620_014216] [INFO]   ✔ css/bootstrap-grid.rtl.min.css.map.gz
[20260620_014217] [INFO]   ✔ css/bootstrap-reboot.css
[20260620_014218] [INFO]   ✔ css/bootstrap-reboot.css.br
[20260620_014218] [INFO]   ✔ css/bootstrap-reboot.css.gz
[20260620_014220] [INFO]   ✔ css/bootstrap-reboot.css.map
[20260620_014220] [INFO]   ✔ css/bootstrap-reboot.css.map.br
[20260620_014221] [INFO]   ✔ css/bootstrap-reboot.css.map.gz
[20260620_014222] [INFO]   ✔ css/bootstrap-reboot.min.css
[20260620_014222] [INFO]   ✔ css/bootstrap-reboot.min.css.br
[20260620_014223] [INFO]   ✔ css/bootstrap-reboot.min.css.gz
[20260620_014224] [INFO]   ✔ css/bootstrap-reboot.min.css.map
[20260620_014225] [INFO]   ✔ css/bootstrap-reboot.min.css.map.br
[20260620_014225] [INFO]   ✔ css/bootstrap-reboot.min.css.map.gz
[20260620_014226] [INFO]   ✔ css/bootstrap-reboot.rtl.css
[20260620_014227] [INFO]   ✔ css/bootstrap-reboot.rtl.css.br
[20260620_014227] [INFO]   ✔ css/bootstrap-reboot.rtl.css.gz
[20260620_014229] [INFO]   ✔ css/bootstrap-reboot.rtl.css.map
[20260620_014229] [INFO]   ✔ css/bootstrap-reboot.rtl.css.map.br
[20260620_014230] [INFO]   ✔ css/bootstrap-reboot.rtl.css.map.gz
[20260620_014231] [INFO]   ✔ css/bootstrap-reboot.rtl.min.css
[20260620_014231] [INFO]   ✔ css/bootstrap-reboot.rtl.min.css.br
[20260620_014232] [INFO]   ✔ css/bootstrap-reboot.rtl.min.css.gz
[20260620_014233] [INFO]   ✔ css/bootstrap-reboot.rtl.min.css.map
[20260620_014234] [INFO]   ✔ css/bootstrap-reboot.rtl.min.css.map.br
[20260620_014235] [INFO]   ✔ css/bootstrap-reboot.rtl.min.css.map.gz
[20260620_014236] [INFO]   ✔ css/bootstrap-utilities.css
[20260620_014236] [INFO]   ✔ css/bootstrap-utilities.css.br
[20260620_014237] [INFO]   ✔ css/bootstrap-utilities.css.gz
[20260620_014238] [INFO]   ✔ css/bootstrap-utilities.css.map
[20260620_014239] [INFO]   ✔ css/bootstrap-utilities.css.map.br
[20260620_014240] [INFO]   ✔ css/bootstrap-utilities.css.map.gz
[20260620_014241] [INFO]   ✔ css/bootstrap-utilities.min.css
[20260620_014242] [INFO]   ✔ css/bootstrap-utilities.min.css.br
[20260620_014242] [INFO]   ✔ css/bootstrap-utilities.min.css.gz
[20260620_014244] [INFO]   ✔ css/bootstrap-utilities.min.css.map
[20260620_014244] [INFO]   ✔ css/bootstrap-utilities.min.css.map.br
[20260620_014245] [INFO]   ✔ css/bootstrap-utilities.min.css.map.gz
[20260620_014246] [INFO]   ✔ css/bootstrap-utilities.rtl.css
[20260620_014247] [INFO]   ✔ css/bootstrap-utilities.rtl.css.br
[20260620_014248] [INFO]   ✔ css/bootstrap-utilities.rtl.css.gz
[20260620_014249] [INFO]   ✔ css/bootstrap-utilities.rtl.css.map
[20260620_014250] [INFO]   ✔ css/bootstrap-utilities.rtl.css.map.br
[20260620_014251] [INFO]   ✔ css/bootstrap-utilities.rtl.css.map.gz
[20260620_014252] [INFO]   ✔ css/bootstrap-utilities.rtl.min.css
[20260620_014252] [INFO]   ✔ css/bootstrap-utilities.rtl.min.css.br
[20260620_014253] [INFO]   ✔ css/bootstrap-utilities.rtl.min.css.gz
[20260620_014254] [INFO]   ✔ css/bootstrap-utilities.rtl.min.css.map
[20260620_014255] [INFO]   ✔ css/bootstrap-utilities.rtl.min.css.map.br
[20260620_014256] [INFO]   ✔ css/bootstrap-utilities.rtl.min.css.map.gz
[20260620_014257] [INFO]   ✔ css/bootstrap.css
[20260620_014258] [INFO]   ✔ css/bootstrap.css.br
[20260620_014259] [INFO]   ✔ css/bootstrap.css.gz
[20260620_014301] [INFO]   ✔ css/bootstrap.css.map
[20260620_014302] [INFO]   ✔ css/bootstrap.css.map.br
[20260620_014303] [INFO]   ✔ css/bootstrap.css.map.gz
[20260620_014304] [INFO]   ✔ css/bootstrap.min.css
[20260620_014305] [INFO]   ✔ css/bootstrap.min.css.br
[20260620_014306] [INFO]   ✔ css/bootstrap.min.css.gz
[20260620_014307] [INFO]   ✔ css/bootstrap.min.css.map
[20260620_014308] [INFO]   ✔ css/bootstrap.min.css.map.br
[20260620_014309] [INFO]   ✔ css/bootstrap.min.css.map.gz
[20260620_014310] [INFO]   ✔ css/bootstrap.rtl.css
[20260620_014311] [INFO]   ✔ css/bootstrap.rtl.css.br
[20260620_014312] [INFO]   ✔ css/bootstrap.rtl.css.gz
[20260620_014314] [INFO]   ✔ css/bootstrap.rtl.css.map
[20260620_014315] [INFO]   ✔ css/bootstrap.rtl.css.map.br
[20260620_014316] [INFO]   ✔ css/bootstrap.rtl.css.map.gz
[20260620_014317] [INFO]   ✔ css/bootstrap.rtl.min.css
[20260620_014318] [INFO]   ✔ css/bootstrap.rtl.min.css.br
[20260620_014319] [INFO]   ✔ css/bootstrap.rtl.min.css.gz
[20260620_014320] [INFO]   ✔ css/bootstrap.rtl.min.css.map
[20260620_014321] [INFO]   ✔ css/bootstrap.rtl.min.css.map.br
[20260620_014322] [INFO]   ✔ css/bootstrap.rtl.min.css.map.gz
[20260620_014324] [INFO]   ✔ js/bootstrap.bundle.js
[20260620_014325] [INFO]   ✔ js/bootstrap.bundle.js.br
[20260620_014326] [INFO]   ✔ js/bootstrap.bundle.js.gz
[20260620_014328] [INFO]   ✔ js/bootstrap.bundle.js.map
[20260620_014329] [INFO]   ✔ js/bootstrap.bundle.js.map.br
[20260620_014330] [INFO]   ✔ js/bootstrap.bundle.js.map.gz
[20260620_014331] [INFO]   ✔ js/bootstrap.bundle.min.js
[20260620_014331] [INFO]   ✔ js/bootstrap.bundle.min.js.br
[20260620_014332] [INFO]   ✔ js/bootstrap.bundle.min.js.gz
[20260620_014333] [INFO]   ✔ js/bootstrap.bundle.min.js.map
[20260620_014334] [INFO]   ✔ js/bootstrap.bundle.min.js.map.br
[20260620_014335] [INFO]   ✔ js/bootstrap.bundle.min.js.map.gz
[20260620_014337] [INFO]   ✔ js/bootstrap.esm.js
[20260620_014337] [INFO]   ✔ js/bootstrap.esm.js.br
[20260620_014338] [INFO]   ✔ js/bootstrap.esm.js.gz
[20260620_014340] [INFO]   ✔ js/bootstrap.esm.js.map
[20260620_014341] [INFO]   ✔ js/bootstrap.esm.js.map.br
[20260620_014342] [INFO]   ✔ js/bootstrap.esm.js.map.gz
[20260620_014343] [INFO]   ✔ js/bootstrap.esm.min.js
[20260620_014343] [INFO]   ✔ js/bootstrap.esm.min.js.br
[20260620_014344] [INFO]   ✔ js/bootstrap.esm.min.js.gz
[20260620_014346] [INFO]   ✔ js/bootstrap.esm.min.js.map
[20260620_014347] [INFO]   ✔ js/bootstrap.esm.min.js.map.br
[20260620_014348] [INFO]   ✔ js/bootstrap.esm.min.js.map.gz
[20260620_014349] [INFO]   ✔ js/bootstrap.js
[20260620_014350] [INFO]   ✔ js/bootstrap.js.br
[20260620_014350] [INFO]   ✔ js/bootstrap.js.gz
[20260620_014352] [INFO]   ✔ js/bootstrap.js.map
[20260620_014353] [INFO]   ✔ js/bootstrap.js.map.br
[20260620_014354] [INFO]   ✔ js/bootstrap.js.map.gz
[20260620_014355] [INFO]   ✔ js/bootstrap.min.js
[20260620_014356] [INFO]   ✔ js/bootstrap.min.js.br
[20260620_014356] [INFO]   ✔ js/bootstrap.min.js.gz
[20260620_014358] [INFO]   ✔ js/bootstrap.min.js.map
[20260620_014359] [INFO]   ✔ js/bootstrap.min.js.map.br
[20260620_014400] [INFO]   ✔ js/bootstrap.min.js.map.gz
[20260620_014402] [INFO]   ✔ emails/account-confirmation.html
[20260620_014402] [INFO]   ✔ emails/account-confirmation.html.br
[20260620_014403] [INFO]   ✔ emails/account-confirmation.html.gz
[20260620_014404] [INFO]   ✔ emails/account-reactivation.html
[20260620_014404] [INFO]   ✔ emails/account-reactivation.html.br
[20260620_014405] [INFO]   ✔ emails/account-reactivation.html.gz
[20260620_014406] [INFO]   ✔ emails/password-reset.html
[20260620_014406] [INFO]   ✔ emails/password-reset.html.br
[20260620_014407] [INFO]   ✔ emails/password-reset.html.gz
[20260620_014409] [INFO]   ✔ MudBlazor/MudBlazor.min.css
[20260620_014410] [INFO]   ✔ MudBlazor/MudBlazor.min.css.br
[20260620_014411] [INFO]   ✔ MudBlazor/MudBlazor.min.css.gz
[20260620_014412] [INFO]   ✔ MudBlazor/MudBlazor.min.js
[20260620_014413] [INFO]   ✔ MudBlazor/MudBlazor.min.js.br
[20260620_014414] [INFO]   ✔ MudBlazor/MudBlazor.min.js.gz
[20260620_014415] [INFO]   ✔ MudBlazor/MudBlazor.min.js.map
[20260620_014416] [INFO]   ✔ MudBlazor/MudBlazor.min.js.map.br
[20260620_014417] [INFO]   ✔ MudBlazor/MudBlazor.min.js.map.gz
[20260620_014419] [INFO]   ✔ _framework/blazor.server.js
[20260620_014420] [INFO]   ✔ _framework/blazor.server.js.br
[20260620_014420] [INFO]   ✔ _framework/blazor.server.js.gz
[20260620_014422] [INFO]   ✔ _framework/blazor.web.js
[20260620_014423] [INFO]   ✔ _framework/blazor.web.js.br
[20260620_014424] [INFO]   ✔ _framework/blazor.web.js.gz
[20260620_014426] [INFO]   ✔ /wwwroot/ZstdSharp.dll
[20260620_014426] [INFO] Upload FTP concluído.
[20260620_014426] [INFO] Conectando ao banco de dados...
[20260620_014426] [ERROR] Falha no banco de dados: Erro ao conectar ao banco: UrlError { URL ParseError { relative URL without a base } }
[20260620_014426] [INFO] Deploy concluído com sucesso!
