[20260620_015741] [INFO] Iniciando deploy do projeto 'eTasks-server'
[20260620_015741] [INFO] Limpando pasta: C:\MeusProjetos\Publish\eTasks-server
[20260620_015741] [INFO] Executando dotnet publish...
[20260620_015741] [INFO]   Projeto : C:\MeusProjetos\eTasks-server\eTasks-server\eTasks-server\eTasks-server.csproj
[20260620_015741] [INFO]   Destino : C:\MeusProjetos\Publish\eTasks-server
[20260620_015803] [INFO] Publicação concluída.
[20260620_015803] [INFO] Conectando ao FTP: site53116.siteasp.net:21
[20260620_015804] [INFO] Conectado. Limpando /wwwroot...
[20260620_015912] [INFO] Enviando arquivos...
[20260620_015913] [INFO]   ✔ /wwwroot/appsettings.Development.json
[20260620_015914] [INFO]   ✔ /wwwroot/appsettings.json
[20260620_015915] [INFO]   ✔ /wwwroot/aspnetcorev2_inprocess.dll
[20260620_015917] [INFO]   ✔ /wwwroot/AWSSDK.Core.dll
[20260620_015918] [INFO]   ✔ /wwwroot/AWSSDK.SecurityToken.dll
[20260620_015919] [INFO]   ✔ /wwwroot/BCrypt.Net-Next.dll
[20260620_015920] [INFO]   ✔ /wwwroot/clretwrc.dll
[20260620_015921] [INFO]   ✔ /wwwroot/clrgc.dll
[20260620_015923] [INFO]   ✔ /wwwroot/clrjit.dll
[20260620_015925] [INFO]   ✔ /wwwroot/coreclr.dll
[20260620_015926] [INFO]   ✔ /wwwroot/createdump.exe
[20260620_015928] [INFO]   ✔ /wwwroot/DnsClient.dll
[20260620_015928] [INFO]   ✔ /wwwroot/dotnet-tools.json
[20260620_015930] [INFO]   ✔ /wwwroot/eTasks-server.Core.dll
[20260620_015931] [INFO]   ✔ /wwwroot/eTasks-server.Core.pdb
[20260620_015932] [INFO]   ✔ /wwwroot/eTasks-server.deps.json
[20260620_015934] [INFO]   ✔ /wwwroot/eTasks-server.dll
[20260620_015935] [INFO]   ✔ /wwwroot/eTasks-server.exe
[20260620_015937] [INFO]   ✔ /wwwroot/eTasks-server.Models.dll
[20260620_015938] [INFO]   ✔ /wwwroot/eTasks-server.Models.pdb
[20260620_015939] [INFO]   ✔ /wwwroot/eTasks-server.Models.xml
[20260620_015940] [INFO]   ✔ /wwwroot/eTasks-server.pdb
[20260620_015941] [INFO]   ✔ /wwwroot/eTasks-server.runtimeconfig.json
[20260620_015943] [INFO]   ✔ /wwwroot/eTasks-server.staticwebassets.endpoints.json
[20260620_015943] [INFO]   ✔ /wwwroot/HealthChecks.MySql.dll
[20260620_015945] [INFO]   ✔ /wwwroot/hostfxr.dll
[20260620_015946] [INFO]   ✔ /wwwroot/hostpolicy.dll
[20260620_015947] [INFO]   ✔ /wwwroot/Microsoft.AspNetCore.Antiforgery.dll
[20260620_015948] [INFO]   ✔ /wwwroot/Microsoft.AspNetCore.Authentication.Abstractions.dll
[20260620_015949] [INFO]   ✔ /wwwroot/Microsoft.AspNetCore.Authentication.BearerToken.dll
[20260620_015950] [INFO]   ✔ /wwwroot/Microsoft.AspNetCore.Authentication.Cookies.dll
[20260620_015951] [INFO]   ✔ /wwwroot/Microsoft.AspNetCore.Authentication.Core.dll
[20260620_015953] [INFO]   ✔ /wwwroot/Microsoft.AspNetCore.Authentication.dll
[20260620_015954] [INFO]   ✔ /wwwroot/Microsoft.AspNetCore.Authentication.JwtBearer.dll
[20260620_015955] [INFO]   ✔ /wwwroot/Microsoft.AspNetCore.Authentication.OAuth.dll
[20260620_015956] [INFO]   ✔ /wwwroot/Microsoft.AspNetCore.Authorization.dll
[20260620_015957] [INFO]   ✔ /wwwroot/Microsoft.AspNetCore.Authorization.Policy.dll
[20260620_015958] [INFO]   ✔ /wwwroot/Microsoft.AspNetCore.Components.Authorization.dll
[20260620_015959] [INFO]   ✔ /wwwroot/Microsoft.AspNetCore.Components.dll
[20260620_020001] [INFO]   ✔ /wwwroot/Microsoft.AspNetCore.Components.Endpoints.dll
[20260620_020002] [INFO]   ✔ /wwwroot/Microsoft.AspNetCore.Components.Forms.dll
[20260620_020003] [INFO]   ✔ /wwwroot/Microsoft.AspNetCore.Components.Server.dll
[20260620_020005] [INFO]   ✔ /wwwroot/Microsoft.AspNetCore.Components.Web.dll
[20260620_020006] [INFO]   ✔ /wwwroot/Microsoft.AspNetCore.Connections.Abstractions.dll
[20260620_020007] [INFO]   ✔ /wwwroot/Microsoft.AspNetCore.CookiePolicy.dll
[20260620_020008] [INFO]   ✔ /wwwroot/Microsoft.AspNetCore.Cors.dll
[20260620_020009] [INFO]   ✔ /wwwroot/Microsoft.AspNetCore.Cryptography.Internal.dll
[20260620_020010] [INFO]   ✔ /wwwroot/Microsoft.AspNetCore.Cryptography.KeyDerivation.dll
[20260620_020011] [INFO]   ✔ /wwwroot/Microsoft.AspNetCore.DataProtection.Abstractions.dll
[20260620_020012] [INFO]   ✔ /wwwroot/Microsoft.AspNetCore.DataProtection.dll
[20260620_020013] [INFO]   ✔ /wwwroot/Microsoft.AspNetCore.DataProtection.Extensions.dll
[20260620_020014] [INFO]   ✔ /wwwroot/Microsoft.AspNetCore.Diagnostics.Abstractions.dll
[20260620_020016] [INFO]   ✔ /wwwroot/Microsoft.AspNetCore.Diagnostics.dll
[20260620_020016] [INFO]   ✔ /wwwroot/Microsoft.AspNetCore.Diagnostics.HealthChecks.dll
[20260620_020018] [INFO]   ✔ /wwwroot/Microsoft.AspNetCore.dll
[20260620_020019] [INFO]   ✔ /wwwroot/Microsoft.AspNetCore.HostFiltering.dll
[20260620_020020] [INFO]   ✔ /wwwroot/Microsoft.AspNetCore.Hosting.Abstractions.dll
[20260620_020021] [INFO]   ✔ /wwwroot/Microsoft.AspNetCore.Hosting.dll
[20260620_020022] [INFO]   ✔ /wwwroot/Microsoft.AspNetCore.Hosting.Server.Abstractions.dll
[20260620_020023] [INFO]   ✔ /wwwroot/Microsoft.AspNetCore.Html.Abstractions.dll
[20260620_020024] [INFO]   ✔ /wwwroot/Microsoft.AspNetCore.Http.Abstractions.dll
[20260620_020025] [INFO]   ✔ /wwwroot/Microsoft.AspNetCore.Http.Connections.Common.dll
[20260620_020026] [INFO]   ✔ /wwwroot/Microsoft.AspNetCore.Http.Connections.dll
[20260620_020028] [INFO]   ✔ /wwwroot/Microsoft.AspNetCore.Http.dll
[20260620_020029] [INFO]   ✔ /wwwroot/Microsoft.AspNetCore.Http.Extensions.dll
[20260620_020030] [INFO]   ✔ /wwwroot/Microsoft.AspNetCore.Http.Features.dll
[20260620_020032] [INFO]   ✔ /wwwroot/Microsoft.AspNetCore.Http.Results.dll
[20260620_020033] [INFO]   ✔ /wwwroot/Microsoft.AspNetCore.HttpLogging.dll
[20260620_020034] [INFO]   ✔ /wwwroot/Microsoft.AspNetCore.HttpOverrides.dll
[20260620_020035] [INFO]   ✔ /wwwroot/Microsoft.AspNetCore.HttpsPolicy.dll
[20260620_020036] [INFO]   ✔ /wwwroot/Microsoft.AspNetCore.Identity.dll
[20260620_020037] [INFO]   ✔ /wwwroot/Microsoft.AspNetCore.Localization.dll
[20260620_020038] [INFO]   ✔ /wwwroot/Microsoft.AspNetCore.Localization.Routing.dll
[20260620_020039] [INFO]   ✔ /wwwroot/Microsoft.AspNetCore.Metadata.dll
[20260620_020040] [INFO]   ✔ /wwwroot/Microsoft.AspNetCore.Mvc.Abstractions.dll
[20260620_020042] [INFO]   ✔ /wwwroot/Microsoft.AspNetCore.Mvc.ApiExplorer.dll
[20260620_020043] [INFO]   ✔ /wwwroot/Microsoft.AspNetCore.Mvc.Core.dll
[20260620_020044] [INFO]   ✔ /wwwroot/Microsoft.AspNetCore.Mvc.Cors.dll
[20260620_020046] [INFO]   ✔ /wwwroot/Microsoft.AspNetCore.Mvc.DataAnnotations.dll
[20260620_020047] [INFO]   ✔ /wwwroot/Microsoft.AspNetCore.Mvc.dll
[20260620_020047] [INFO]   ✔ /wwwroot/Microsoft.AspNetCore.Mvc.Formatters.Json.dll
[20260620_020048] [INFO]   ✔ /wwwroot/Microsoft.AspNetCore.Mvc.Formatters.Xml.dll
[20260620_020049] [INFO]   ✔ /wwwroot/Microsoft.AspNetCore.Mvc.Localization.dll
[20260620_020051] [INFO]   ✔ /wwwroot/Microsoft.AspNetCore.Mvc.Razor.dll
[20260620_020052] [INFO]   ✔ /wwwroot/Microsoft.AspNetCore.Mvc.RazorPages.dll
[20260620_020054] [INFO]   ✔ /wwwroot/Microsoft.AspNetCore.Mvc.TagHelpers.dll
[20260620_020055] [INFO]   ✔ /wwwroot/Microsoft.AspNetCore.Mvc.ViewFeatures.dll
[20260620_020056] [INFO]   ✔ /wwwroot/Microsoft.AspNetCore.OpenApi.dll
[20260620_020058] [INFO]   ✔ /wwwroot/Microsoft.AspNetCore.OutputCaching.dll
[20260620_020059] [INFO]   ✔ /wwwroot/Microsoft.AspNetCore.RateLimiting.dll
[20260620_020100] [INFO]   ✔ /wwwroot/Microsoft.AspNetCore.Razor.dll
[20260620_020101] [INFO]   ✔ /wwwroot/Microsoft.AspNetCore.Razor.Runtime.dll
[20260620_020102] [INFO]   ✔ /wwwroot/Microsoft.AspNetCore.RequestDecompression.dll
[20260620_020103] [INFO]   ✔ /wwwroot/Microsoft.AspNetCore.ResponseCaching.Abstractions.dll
[20260620_020104] [INFO]   ✔ /wwwroot/Microsoft.AspNetCore.ResponseCaching.dll
[20260620_020105] [INFO]   ✔ /wwwroot/Microsoft.AspNetCore.ResponseCompression.dll
[20260620_020106] [INFO]   ✔ /wwwroot/Microsoft.AspNetCore.Rewrite.dll
[20260620_020107] [INFO]   ✔ /wwwroot/Microsoft.AspNetCore.Routing.Abstractions.dll
[20260620_020108] [INFO]   ✔ /wwwroot/Microsoft.AspNetCore.Routing.dll
[20260620_020110] [INFO]   ✔ /wwwroot/Microsoft.AspNetCore.Server.HttpSys.dll
[20260620_020112] [INFO]   ✔ /wwwroot/Microsoft.AspNetCore.Server.IIS.dll
[20260620_020113] [INFO]   ✔ /wwwroot/Microsoft.AspNetCore.Server.IISIntegration.dll
[20260620_020115] [INFO]   ✔ /wwwroot/Microsoft.AspNetCore.Server.Kestrel.Core.dll
[20260620_020115] [INFO]   ✔ /wwwroot/Microsoft.AspNetCore.Server.Kestrel.dll
[20260620_020117] [INFO]   ✔ /wwwroot/Microsoft.AspNetCore.Server.Kestrel.Transport.NamedPipes.dll
[20260620_020118] [INFO]   ✔ /wwwroot/Microsoft.AspNetCore.Server.Kestrel.Transport.Quic.dll
[20260620_020119] [INFO]   ✔ /wwwroot/Microsoft.AspNetCore.Server.Kestrel.Transport.Sockets.dll
[20260620_020120] [INFO]   ✔ /wwwroot/Microsoft.AspNetCore.Session.dll
[20260620_020121] [INFO]   ✔ /wwwroot/Microsoft.AspNetCore.SignalR.Common.dll
[20260620_020122] [INFO]   ✔ /wwwroot/Microsoft.AspNetCore.SignalR.Core.dll
[20260620_020123] [INFO]   ✔ /wwwroot/Microsoft.AspNetCore.SignalR.dll
[20260620_020124] [INFO]   ✔ /wwwroot/Microsoft.AspNetCore.SignalR.Protocols.Json.dll
[20260620_020125] [INFO]   ✔ /wwwroot/Microsoft.AspNetCore.StaticAssets.dll
[20260620_020126] [INFO]   ✔ /wwwroot/Microsoft.AspNetCore.StaticFiles.dll
[20260620_020127] [INFO]   ✔ /wwwroot/Microsoft.AspNetCore.WebSockets.dll
[20260620_020129] [INFO]   ✔ /wwwroot/Microsoft.AspNetCore.WebUtilities.dll
[20260620_020130] [INFO]   ✔ /wwwroot/Microsoft.CSharp.dll
[20260620_020132] [INFO]   ✔ /wwwroot/Microsoft.DiaSymReader.Native.x86.dll
[20260620_020133] [INFO]   ✔ /wwwroot/Microsoft.EntityFrameworkCore.Abstractions.dll
[20260620_020135] [INFO]   ✔ /wwwroot/Microsoft.EntityFrameworkCore.dll
[20260620_020137] [INFO]   ✔ /wwwroot/Microsoft.EntityFrameworkCore.Relational.dll
[20260620_020138] [INFO]   ✔ /wwwroot/Microsoft.Extensions.Caching.Abstractions.dll
[20260620_020139] [INFO]   ✔ /wwwroot/Microsoft.Extensions.Caching.Memory.dll
[20260620_020140] [INFO]   ✔ /wwwroot/Microsoft.Extensions.Configuration.Abstractions.dll
[20260620_020141] [INFO]   ✔ /wwwroot/Microsoft.Extensions.Configuration.Binder.dll
[20260620_020142] [INFO]   ✔ /wwwroot/Microsoft.Extensions.Configuration.CommandLine.dll
[20260620_020143] [INFO]   ✔ /wwwroot/Microsoft.Extensions.Configuration.dll
[20260620_020144] [INFO]   ✔ /wwwroot/Microsoft.Extensions.Configuration.EnvironmentVariables.dll
[20260620_020145] [INFO]   ✔ /wwwroot/Microsoft.Extensions.Configuration.FileExtensions.dll
[20260620_020146] [INFO]   ✔ /wwwroot/Microsoft.Extensions.Configuration.Ini.dll
[20260620_020147] [INFO]   ✔ /wwwroot/Microsoft.Extensions.Configuration.Json.dll
[20260620_020148] [INFO]   ✔ /wwwroot/Microsoft.Extensions.Configuration.KeyPerFile.dll
[20260620_020149] [INFO]   ✔ /wwwroot/Microsoft.Extensions.Configuration.UserSecrets.dll
[20260620_020150] [INFO]   ✔ /wwwroot/Microsoft.Extensions.Configuration.Xml.dll
[20260620_020151] [INFO]   ✔ /wwwroot/Microsoft.Extensions.DependencyInjection.Abstractions.dll
[20260620_020152] [INFO]   ✔ /wwwroot/Microsoft.Extensions.DependencyInjection.dll
[20260620_020153] [INFO]   ✔ /wwwroot/Microsoft.Extensions.DependencyModel.dll
[20260620_020154] [INFO]   ✔ /wwwroot/Microsoft.Extensions.Diagnostics.Abstractions.dll
[20260620_020155] [INFO]   ✔ /wwwroot/Microsoft.Extensions.Diagnostics.dll
[20260620_020156] [INFO]   ✔ /wwwroot/Microsoft.Extensions.Diagnostics.HealthChecks.Abstractions.dll
[20260620_020157] [INFO]   ✔ /wwwroot/Microsoft.Extensions.Diagnostics.HealthChecks.dll
[20260620_020158] [INFO]   ✔ /wwwroot/Microsoft.Extensions.Features.dll
[20260620_020159] [INFO]   ✔ /wwwroot/Microsoft.Extensions.FileProviders.Abstractions.dll
[20260620_020159] [INFO]   ✔ /wwwroot/Microsoft.Extensions.FileProviders.Composite.dll
[20260620_020200] [INFO]   ✔ /wwwroot/Microsoft.Extensions.FileProviders.Embedded.dll
[20260620_020201] [INFO]   ✔ /wwwroot/Microsoft.Extensions.FileProviders.Physical.dll
[20260620_020202] [INFO]   ✔ /wwwroot/Microsoft.Extensions.FileSystemGlobbing.dll
[20260620_020203] [INFO]   ✔ /wwwroot/Microsoft.Extensions.Hosting.Abstractions.dll
[20260620_020204] [INFO]   ✔ /wwwroot/Microsoft.Extensions.Hosting.dll
[20260620_020206] [INFO]   ✔ /wwwroot/Microsoft.Extensions.Http.dll
[20260620_020207] [INFO]   ✔ /wwwroot/Microsoft.Extensions.Identity.Core.dll
[20260620_020208] [INFO]   ✔ /wwwroot/Microsoft.Extensions.Identity.Stores.dll
[20260620_020209] [INFO]   ✔ /wwwroot/Microsoft.Extensions.Localization.Abstractions.dll
[20260620_020210] [INFO]   ✔ /wwwroot/Microsoft.Extensions.Localization.dll
[20260620_020211] [INFO]   ✔ /wwwroot/Microsoft.Extensions.Logging.Abstractions.dll
[20260620_020212] [INFO]   ✔ /wwwroot/Microsoft.Extensions.Logging.Configuration.dll
[20260620_020213] [INFO]   ✔ /wwwroot/Microsoft.Extensions.Logging.Console.dll
[20260620_020214] [INFO]   ✔ /wwwroot/Microsoft.Extensions.Logging.Debug.dll
[20260620_020215] [INFO]   ✔ /wwwroot/Microsoft.Extensions.Logging.dll
[20260620_020216] [INFO]   ✔ /wwwroot/Microsoft.Extensions.Logging.EventLog.dll
[20260620_020217] [INFO]   ✔ /wwwroot/Microsoft.Extensions.Logging.EventSource.dll
[20260620_020218] [INFO]   ✔ /wwwroot/Microsoft.Extensions.Logging.TraceSource.dll
[20260620_020219] [INFO]   ✔ /wwwroot/Microsoft.Extensions.ObjectPool.dll
[20260620_020219] [INFO]   ✔ /wwwroot/Microsoft.Extensions.Options.ConfigurationExtensions.dll
[20260620_020220] [INFO]   ✔ /wwwroot/Microsoft.Extensions.Options.DataAnnotations.dll
[20260620_020221] [INFO]   ✔ /wwwroot/Microsoft.Extensions.Options.dll
[20260620_020222] [INFO]   ✔ /wwwroot/Microsoft.Extensions.Primitives.dll
[20260620_020223] [INFO]   ✔ /wwwroot/Microsoft.Extensions.Validation.dll
[20260620_020224] [INFO]   ✔ /wwwroot/Microsoft.Extensions.WebEncoders.dll
[20260620_020225] [INFO]   ✔ /wwwroot/Microsoft.IdentityModel.Abstractions.dll
[20260620_020226] [INFO]   ✔ /wwwroot/Microsoft.IdentityModel.JsonWebTokens.dll
[20260620_020227] [INFO]   ✔ /wwwroot/Microsoft.IdentityModel.Logging.dll
[20260620_020228] [INFO]   ✔ /wwwroot/Microsoft.IdentityModel.Protocols.dll
[20260620_020229] [INFO]   ✔ /wwwroot/Microsoft.IdentityModel.Protocols.OpenIdConnect.dll
[20260620_020230] [INFO]   ✔ /wwwroot/Microsoft.IdentityModel.Tokens.dll
[20260620_020231] [INFO]   ✔ /wwwroot/Microsoft.JSInterop.dll
[20260620_020233] [INFO]   ✔ /wwwroot/Microsoft.Net.Http.Headers.dll
[20260620_020234] [INFO]   ✔ /wwwroot/Microsoft.OpenApi.dll
[20260620_020236] [INFO]   ✔ /wwwroot/Microsoft.VisualBasic.Core.dll
[20260620_020237] [INFO]   ✔ /wwwroot/Microsoft.VisualBasic.dll
[20260620_020238] [INFO]   ✔ /wwwroot/Microsoft.Win32.Primitives.dll
[20260620_020239] [INFO]   ✔ /wwwroot/Microsoft.Win32.Registry.dll
[20260620_020241] [INFO]   ✔ /wwwroot/mongocrypt.dll
[20260620_020242] [INFO]   ✔ /wwwroot/MongoDB.Bson.dll
[20260620_020244] [INFO]   ✔ /wwwroot/MongoDB.Driver.Core.dll
[20260620_020246] [INFO]   ✔ /wwwroot/MongoDB.Driver.dll
[20260620_020247] [INFO]   ✔ /wwwroot/MongoDB.Libmongocrypt.dll
[20260620_020249] [INFO]   ✔ /wwwroot/mscordaccore.dll
[20260620_020251] [INFO]   ✔ /wwwroot/mscordaccore_x86_x86_10.0.826.23019.dll
[20260620_020253] [INFO]   ✔ /wwwroot/mscordbi.dll
[20260620_020254] [INFO]   ✔ /wwwroot/mscorlib.dll
[20260620_020255] [INFO]   ✔ /wwwroot/mscorrc.dll
[20260620_020256] [INFO]   ✔ /wwwroot/msquic.dll
[20260620_020259] [INFO]   ✔ /wwwroot/MudBlazor.dll
[20260620_020301] [INFO]   ✔ /wwwroot/MySqlConnector.dll
[20260620_020302] [INFO]   ✔ /wwwroot/netstandard.dll
[20260620_020304] [INFO]   ✔ /wwwroot/Pomelo.EntityFrameworkCore.MySql.dll
[20260620_020306] [INFO]   ✔ /wwwroot/Scalar.AspNetCore.dll
[20260620_020306] [INFO]   ✔ /wwwroot/Serilog.AspNetCore.dll
[20260620_020308] [INFO]   ✔ /wwwroot/Serilog.dll
[20260620_020308] [INFO]   ✔ /wwwroot/Serilog.Enrichers.Environment.dll
[20260620_020309] [INFO]   ✔ /wwwroot/Serilog.Enrichers.Thread.dll
[20260620_020310] [INFO]   ✔ /wwwroot/Serilog.Extensions.Hosting.dll
[20260620_020311] [INFO]   ✔ /wwwroot/Serilog.Extensions.Logging.dll
[20260620_020311] [INFO]   ✔ /wwwroot/Serilog.Formatting.Compact.dll
[20260620_020313] [INFO]   ✔ /wwwroot/Serilog.Settings.Configuration.dll
[20260620_020313] [INFO]   ✔ /wwwroot/Serilog.Sinks.Console.dll
[20260620_020314] [INFO]   ✔ /wwwroot/Serilog.Sinks.Debug.dll
[20260620_020315] [INFO]   ✔ /wwwroot/Serilog.Sinks.File.dll
[20260620_020317] [INFO]   ✔ /wwwroot/SharpCompress.dll
[20260620_020318] [INFO]   ✔ /wwwroot/Snappier.dll
[20260620_020319] [INFO]   ✔ /wwwroot/System.AppContext.dll
[20260620_020320] [INFO]   ✔ /wwwroot/System.Buffers.dll
[20260620_020321] [INFO]   ✔ /wwwroot/System.Collections.Concurrent.dll
[20260620_020322] [INFO]   ✔ /wwwroot/System.Collections.dll
[20260620_020324] [INFO]   ✔ /wwwroot/System.Collections.Immutable.dll
[20260620_020325] [INFO]   ✔ /wwwroot/System.Collections.NonGeneric.dll
[20260620_020326] [INFO]   ✔ /wwwroot/System.Collections.Specialized.dll
[20260620_020328] [INFO]   ✔ /wwwroot/System.ComponentModel.Annotations.dll
[20260620_020329] [INFO]   ✔ /wwwroot/System.ComponentModel.DataAnnotations.dll
[20260620_020329] [INFO]   ✔ /wwwroot/System.ComponentModel.dll
[20260620_020330] [INFO]   ✔ /wwwroot/System.ComponentModel.EventBasedAsync.dll
[20260620_020331] [INFO]   ✔ /wwwroot/System.ComponentModel.Primitives.dll
[20260620_020333] [INFO]   ✔ /wwwroot/System.ComponentModel.TypeConverter.dll
[20260620_020334] [INFO]   ✔ /wwwroot/System.Configuration.dll
[20260620_020335] [INFO]   ✔ /wwwroot/System.Console.dll
[20260620_020336] [INFO]   ✔ /wwwroot/System.Core.dll
[20260620_020338] [INFO]   ✔ /wwwroot/System.Data.Common.dll
[20260620_020339] [INFO]   ✔ /wwwroot/System.Data.DataSetExtensions.dll
[20260620_020339] [INFO]   ✔ /wwwroot/System.Data.dll
[20260620_020340] [INFO]   ✔ /wwwroot/System.Diagnostics.Contracts.dll
[20260620_020341] [INFO]   ✔ /wwwroot/System.Diagnostics.Debug.dll
[20260620_020343] [INFO]   ✔ /wwwroot/System.Diagnostics.DiagnosticSource.dll
[20260620_020344] [INFO]   ✔ /wwwroot/System.Diagnostics.EventLog.dll
[20260620_020345] [INFO]   ✔ /wwwroot/System.Diagnostics.EventLog.Messages.dll
[20260620_020346] [INFO]   ✔ /wwwroot/System.Diagnostics.FileVersionInfo.dll
[20260620_020348] [INFO]   ✔ /wwwroot/System.Diagnostics.Process.dll
[20260620_020349] [INFO]   ✔ /wwwroot/System.Diagnostics.StackTrace.dll
[20260620_020350] [INFO]   ✔ /wwwroot/System.Diagnostics.TextWriterTraceListener.dll
[20260620_020351] [INFO]   ✔ /wwwroot/System.Diagnostics.Tools.dll
[20260620_020352] [INFO]   ✔ /wwwroot/System.Diagnostics.TraceSource.dll
[20260620_020352] [INFO]   ✔ /wwwroot/System.Diagnostics.Tracing.dll
[20260620_020353] [INFO]   ✔ /wwwroot/System.dll
[20260620_020354] [INFO]   ✔ /wwwroot/System.Drawing.dll
[20260620_020355] [INFO]   ✔ /wwwroot/System.Drawing.Primitives.dll
[20260620_020356] [INFO]   ✔ /wwwroot/System.Dynamic.Runtime.dll
[20260620_020358] [INFO]   ✔ /wwwroot/System.Formats.Asn1.dll
[20260620_020359] [INFO]   ✔ /wwwroot/System.Formats.Cbor.dll
[20260620_020400] [INFO]   ✔ /wwwroot/System.Formats.Tar.dll
[20260620_020401] [INFO]   ✔ /wwwroot/System.Globalization.Calendars.dll
[20260620_020402] [INFO]   ✔ /wwwroot/System.Globalization.dll
[20260620_020403] [INFO]   ✔ /wwwroot/System.Globalization.Extensions.dll
[20260620_020404] [INFO]   ✔ /wwwroot/System.IdentityModel.Tokens.Jwt.dll
[20260620_020405] [INFO]   ✔ /wwwroot/System.IO.Compression.Brotli.dll
[20260620_020407] [INFO]   ✔ /wwwroot/System.IO.Compression.dll
[20260620_020408] [INFO]   ✔ /wwwroot/System.IO.Compression.FileSystem.dll
[20260620_020410] [INFO]   ✔ /wwwroot/System.IO.Compression.Native.dll
[20260620_020411] [INFO]   ✔ /wwwroot/System.IO.Compression.ZipFile.dll
[20260620_020412] [INFO]   ✔ /wwwroot/System.IO.dll
[20260620_020413] [INFO]   ✔ /wwwroot/System.IO.FileSystem.AccessControl.dll
[20260620_020414] [INFO]   ✔ /wwwroot/System.IO.FileSystem.dll
[20260620_020415] [INFO]   ✔ /wwwroot/System.IO.FileSystem.DriveInfo.dll
[20260620_020416] [INFO]   ✔ /wwwroot/System.IO.FileSystem.Primitives.dll
[20260620_020417] [INFO]   ✔ /wwwroot/System.IO.FileSystem.Watcher.dll
[20260620_020418] [INFO]   ✔ /wwwroot/System.IO.IsolatedStorage.dll
[20260620_020419] [INFO]   ✔ /wwwroot/System.IO.MemoryMappedFiles.dll
[20260620_020420] [INFO]   ✔ /wwwroot/System.IO.Pipelines.dll
[20260620_020421] [INFO]   ✔ /wwwroot/System.IO.Pipes.AccessControl.dll
[20260620_020422] [INFO]   ✔ /wwwroot/System.IO.Pipes.dll
[20260620_020423] [INFO]   ✔ /wwwroot/System.IO.UnmanagedMemoryStream.dll
[20260620_020427] [INFO]   ✔ /wwwroot/System.Linq.AsyncEnumerable.dll
[20260620_020429] [INFO]   ✔ /wwwroot/System.Linq.dll
[20260620_020437] [INFO]   ✔ /wwwroot/System.Linq.Expressions.dll
[20260620_020439] [INFO]   ✔ /wwwroot/System.Linq.Parallel.dll
[20260620_020441] [INFO]   ✔ /wwwroot/System.Linq.Queryable.dll
[20260620_020442] [INFO]   ✔ /wwwroot/System.Memory.dll
[20260620_020443] [INFO]   ✔ /wwwroot/System.Net.dll
[20260620_020447] [INFO]   ✔ /wwwroot/System.Net.Http.dll
[20260620_020448] [INFO]   ✔ /wwwroot/System.Net.Http.Json.dll
[20260620_020450] [INFO]   ✔ /wwwroot/System.Net.HttpListener.dll
[20260620_020452] [INFO]   ✔ /wwwroot/System.Net.Mail.dll
[20260620_020453] [INFO]   ✔ /wwwroot/System.Net.NameResolution.dll
[20260620_020455] [INFO]   ✔ /wwwroot/System.Net.NetworkInformation.dll
[20260620_020456] [INFO]   ✔ /wwwroot/System.Net.Ping.dll
[20260620_020457] [INFO]   ✔ /wwwroot/System.Net.Primitives.dll
[20260620_020458] [INFO]   ✔ /wwwroot/System.Net.Quic.dll
[20260620_020500] [INFO]   ✔ /wwwroot/System.Net.Requests.dll
[20260620_020502] [INFO]   ✔ /wwwroot/System.Net.Security.dll
[20260620_020503] [INFO]   ✔ /wwwroot/System.Net.ServerSentEvents.dll
[20260620_020503] [INFO]   ✔ /wwwroot/System.Net.ServicePoint.dll
[20260620_020505] [INFO]   ✔ /wwwroot/System.Net.Sockets.dll
[20260620_020506] [INFO]   ✔ /wwwroot/System.Net.WebClient.dll
[20260620_020507] [INFO]   ✔ /wwwroot/System.Net.WebHeaderCollection.dll
[20260620_020508] [INFO]   ✔ /wwwroot/System.Net.WebProxy.dll
[20260620_020509] [INFO]   ✔ /wwwroot/System.Net.WebSockets.Client.dll
[20260620_020510] [INFO]   ✔ /wwwroot/System.Net.WebSockets.dll
[20260620_020511] [INFO]   ✔ /wwwroot/System.Numerics.dll
[20260620_020512] [INFO]   ✔ /wwwroot/System.Numerics.Vectors.dll
[20260620_020513] [INFO]   ✔ /wwwroot/System.ObjectModel.dll
[20260620_020518] [INFO]   ✔ /wwwroot/System.Private.CoreLib.dll
[20260620_020520] [INFO]   ✔ /wwwroot/System.Private.DataContractSerialization.dll
[20260620_020521] [INFO]   ✔ /wwwroot/System.Private.Uri.dll
[20260620_020524] [INFO]   ✔ /wwwroot/System.Private.Xml.dll
[20260620_020525] [INFO]   ✔ /wwwroot/System.Private.Xml.Linq.dll
[20260620_020526] [INFO]   ✔ /wwwroot/System.Reflection.DispatchProxy.dll
[20260620_020527] [INFO]   ✔ /wwwroot/System.Reflection.dll
[20260620_020528] [INFO]   ✔ /wwwroot/System.Reflection.Emit.dll
[20260620_020529] [INFO]   ✔ /wwwroot/System.Reflection.Emit.ILGeneration.dll
[20260620_020530] [INFO]   ✔ /wwwroot/System.Reflection.Emit.Lightweight.dll
[20260620_020531] [INFO]   ✔ /wwwroot/System.Reflection.Extensions.dll
[20260620_020532] [INFO]   ✔ /wwwroot/System.Reflection.Metadata.dll
[20260620_020533] [INFO]   ✔ /wwwroot/System.Reflection.Primitives.dll
[20260620_020534] [INFO]   ✔ /wwwroot/System.Reflection.TypeExtensions.dll
[20260620_020535] [INFO]   ✔ /wwwroot/System.Resources.Reader.dll
[20260620_020536] [INFO]   ✔ /wwwroot/System.Resources.ResourceManager.dll
[20260620_020537] [INFO]   ✔ /wwwroot/System.Resources.Writer.dll
[20260620_020538] [INFO]   ✔ /wwwroot/System.Runtime.CompilerServices.Unsafe.dll
[20260620_020539] [INFO]   ✔ /wwwroot/System.Runtime.CompilerServices.VisualC.dll
[20260620_020540] [INFO]   ✔ /wwwroot/System.Runtime.dll
[20260620_020540] [INFO]   ✔ /wwwroot/System.Runtime.Extensions.dll
[20260620_020541] [INFO]   ✔ /wwwroot/System.Runtime.Handles.dll
[20260620_020542] [INFO]   ✔ /wwwroot/System.Runtime.InteropServices.dll
[20260620_020543] [INFO]   ✔ /wwwroot/System.Runtime.InteropServices.JavaScript.dll
[20260620_020544] [INFO]   ✔ /wwwroot/System.Runtime.InteropServices.RuntimeInformation.dll
[20260620_020545] [INFO]   ✔ /wwwroot/System.Runtime.Intrinsics.dll
[20260620_020546] [INFO]   ✔ /wwwroot/System.Runtime.Loader.dll
[20260620_020547] [INFO]   ✔ /wwwroot/System.Runtime.Numerics.dll
[20260620_020548] [INFO]   ✔ /wwwroot/System.Runtime.Serialization.dll
[20260620_020549] [INFO]   ✔ /wwwroot/System.Runtime.Serialization.Formatters.dll
[20260620_020550] [INFO]   ✔ /wwwroot/System.Runtime.Serialization.Json.dll
[20260620_020551] [INFO]   ✔ /wwwroot/System.Runtime.Serialization.Primitives.dll
[20260620_020552] [INFO]   ✔ /wwwroot/System.Runtime.Serialization.Xml.dll
[20260620_020553] [INFO]   ✔ /wwwroot/System.Security.AccessControl.dll
[20260620_020554] [INFO]   ✔ /wwwroot/System.Security.Claims.dll
[20260620_020555] [INFO]   ✔ /wwwroot/System.Security.Cryptography.Algorithms.dll
[20260620_020556] [INFO]   ✔ /wwwroot/System.Security.Cryptography.Cng.dll
[20260620_020556] [INFO]   ✔ /wwwroot/System.Security.Cryptography.Csp.dll
[20260620_020558] [INFO]   ✔ /wwwroot/System.Security.Cryptography.dll
[20260620_020559] [INFO]   ✔ /wwwroot/System.Security.Cryptography.Encoding.dll
[20260620_020600] [INFO]   ✔ /wwwroot/System.Security.Cryptography.OpenSsl.dll
[20260620_020602] [INFO]   ✔ /wwwroot/System.Security.Cryptography.Pkcs.dll
[20260620_020603] [INFO]   ✔ /wwwroot/System.Security.Cryptography.Primitives.dll
[20260620_020604] [INFO]   ✔ /wwwroot/System.Security.Cryptography.X509Certificates.dll
[20260620_020605] [INFO]   ✔ /wwwroot/System.Security.Cryptography.Xml.dll
[20260620_020606] [INFO]   ✔ /wwwroot/System.Security.dll
[20260620_020607] [INFO]   ✔ /wwwroot/System.Security.Principal.dll
[20260620_020608] [INFO]   ✔ /wwwroot/System.Security.Principal.Windows.dll
[20260620_020609] [INFO]   ✔ /wwwroot/System.Security.SecureString.dll
[20260620_020610] [INFO]   ✔ /wwwroot/System.ServiceModel.Web.dll
[20260620_020610] [INFO]   ✔ /wwwroot/System.ServiceProcess.dll
[20260620_020612] [INFO]   ✔ /wwwroot/System.Text.Encoding.CodePages.dll
[20260620_020613] [INFO]   ✔ /wwwroot/System.Text.Encoding.dll
[20260620_020614] [INFO]   ✔ /wwwroot/System.Text.Encoding.Extensions.dll
[20260620_020615] [INFO]   ✔ /wwwroot/System.Text.Encodings.Web.dll
[20260620_020617] [INFO]   ✔ /wwwroot/System.Text.Json.dll
[20260620_020618] [INFO]   ✔ /wwwroot/System.Text.RegularExpressions.dll
[20260620_020619] [INFO]   ✔ /wwwroot/System.Threading.AccessControl.dll
[20260620_020620] [INFO]   ✔ /wwwroot/System.Threading.Channels.dll
[20260620_020621] [INFO]   ✔ /wwwroot/System.Threading.dll
[20260620_020622] [INFO]   ✔ /wwwroot/System.Threading.Overlapped.dll
[20260620_020623] [INFO]   ✔ /wwwroot/System.Threading.RateLimiting.dll
[20260620_020625] [INFO]   ✔ /wwwroot/System.Threading.Tasks.Dataflow.dll
[20260620_020626] [INFO]   ✔ /wwwroot/System.Threading.Tasks.dll
[20260620_020626] [INFO]   ✔ /wwwroot/System.Threading.Tasks.Extensions.dll
[20260620_020628] [INFO]   ✔ /wwwroot/System.Threading.Tasks.Parallel.dll
[20260620_020628] [INFO]   ✔ /wwwroot/System.Threading.Thread.dll
[20260620_020629] [INFO]   ✔ /wwwroot/System.Threading.ThreadPool.dll
[20260620_020630] [INFO]   ✔ /wwwroot/System.Threading.Timer.dll
[20260620_020631] [INFO]   ✔ /wwwroot/System.Transactions.dll
[20260620_020632] [INFO]   ✔ /wwwroot/System.Transactions.Local.dll
[20260620_020633] [INFO]   ✔ /wwwroot/System.ValueTuple.dll
[20260620_020634] [INFO]   ✔ /wwwroot/System.Web.dll
[20260620_020635] [INFO]   ✔ /wwwroot/System.Web.HttpUtility.dll
[20260620_020636] [INFO]   ✔ /wwwroot/System.Windows.dll
[20260620_020637] [INFO]   ✔ /wwwroot/System.Xml.dll
[20260620_020638] [INFO]   ✔ /wwwroot/System.Xml.Linq.dll
[20260620_020638] [INFO]   ✔ /wwwroot/System.Xml.ReaderWriter.dll
[20260620_020639] [INFO]   ✔ /wwwroot/System.Xml.Serialization.dll
[20260620_020640] [INFO]   ✔ /wwwroot/System.Xml.XDocument.dll
[20260620_020641] [INFO]   ✔ /wwwroot/System.Xml.XmlDocument.dll
[20260620_020642] [INFO]   ✔ /wwwroot/System.Xml.XmlSerializer.dll
[20260620_020642] [INFO]   ✔ /wwwroot/System.Xml.XPath.dll
[20260620_020643] [INFO]   ✔ /wwwroot/System.Xml.XPath.XDocument.dll
[20260620_020644] [INFO]   ✔ /wwwroot/web.config
[20260620_020645] [INFO]   ✔ /wwwroot/WindowsBase.dll
[20260620_020646] [INFO]   ✔ wwwroot/About.txt
[20260620_020646] [INFO]   ✔ wwwroot/About.txt.br
[20260620_020647] [INFO]   ✔ wwwroot/About.txt.gz
[20260620_020648] [INFO]   ✔ wwwroot/app.css
[20260620_020648] [INFO]   ✔ wwwroot/app.css.br
[20260620_020649] [INFO]   ✔ wwwroot/app.css.gz
[20260620_020650] [INFO]   ✔ wwwroot/eTasks-server.styles.css
[20260620_020650] [INFO]   ✔ wwwroot/eTasks-server.styles.css.br
[20260620_020651] [INFO]   ✔ wwwroot/eTasks-server.styles.css.gz
[20260620_020653] [INFO]   ✔ wwwroot/eTasks2.webp
[20260620_020653] [INFO]   ✔ wwwroot/favicon.png
[20260620_020655] [INFO]   ✔ css/bootstrap-grid.css
[20260620_020656] [INFO]   ✔ css/bootstrap-grid.css.br
[20260620_020657] [INFO]   ✔ css/bootstrap-grid.css.gz
[20260620_020658] [INFO]   ✔ css/bootstrap-grid.css.map
[20260620_020659] [INFO]   ✔ css/bootstrap-grid.css.map.br
[20260620_020700] [INFO]   ✔ css/bootstrap-grid.css.map.gz
[20260620_020701] [INFO]   ✔ css/bootstrap-grid.min.css
[20260620_020701] [INFO]   ✔ css/bootstrap-grid.min.css.br
[20260620_020702] [INFO]   ✔ css/bootstrap-grid.min.css.gz
[20260620_020703] [INFO]   ✔ css/bootstrap-grid.min.css.map
[20260620_020704] [INFO]   ✔ css/bootstrap-grid.min.css.map.br
[20260620_020704] [INFO]   ✔ css/bootstrap-grid.min.css.map.gz
[20260620_020705] [INFO]   ✔ css/bootstrap-grid.rtl.css
[20260620_020706] [INFO]   ✔ css/bootstrap-grid.rtl.css.br
[20260620_020707] [INFO]   ✔ css/bootstrap-grid.rtl.css.gz
[20260620_020708] [INFO]   ✔ css/bootstrap-grid.rtl.css.map
[20260620_020709] [INFO]   ✔ css/bootstrap-grid.rtl.css.map.br
[20260620_020710] [INFO]   ✔ css/bootstrap-grid.rtl.css.map.gz
[20260620_020710] [INFO]   ✔ css/bootstrap-grid.rtl.min.css
[20260620_020711] [INFO]   ✔ css/bootstrap-grid.rtl.min.css.br
[20260620_020712] [INFO]   ✔ css/bootstrap-grid.rtl.min.css.gz
[20260620_020713] [INFO]   ✔ css/bootstrap-grid.rtl.min.css.map
[20260620_020714] [INFO]   ✔ css/bootstrap-grid.rtl.min.css.map.br
[20260620_020714] [INFO]   ✔ css/bootstrap-grid.rtl.min.css.map.gz
[20260620_020715] [INFO]   ✔ css/bootstrap-reboot.css
[20260620_020716] [INFO]   ✔ css/bootstrap-reboot.css.br
[20260620_020716] [INFO]   ✔ css/bootstrap-reboot.css.gz
[20260620_020717] [INFO]   ✔ css/bootstrap-reboot.css.map
[20260620_020718] [INFO]   ✔ css/bootstrap-reboot.css.map.br
[20260620_020719] [INFO]   ✔ css/bootstrap-reboot.css.map.gz
[20260620_020720] [INFO]   ✔ css/bootstrap-reboot.min.css
[20260620_020720] [INFO]   ✔ css/bootstrap-reboot.min.css.br
[20260620_020721] [INFO]   ✔ css/bootstrap-reboot.min.css.gz
[20260620_020722] [INFO]   ✔ css/bootstrap-reboot.min.css.map
[20260620_020723] [INFO]   ✔ css/bootstrap-reboot.min.css.map.br
[20260620_020723] [INFO]   ✔ css/bootstrap-reboot.min.css.map.gz
[20260620_020724] [INFO]   ✔ css/bootstrap-reboot.rtl.css
[20260620_020725] [INFO]   ✔ css/bootstrap-reboot.rtl.css.br
[20260620_020725] [INFO]   ✔ css/bootstrap-reboot.rtl.css.gz
[20260620_020726] [INFO]   ✔ css/bootstrap-reboot.rtl.css.map
[20260620_020727] [INFO]   ✔ css/bootstrap-reboot.rtl.css.map.br
[20260620_020728] [INFO]   ✔ css/bootstrap-reboot.rtl.css.map.gz
[20260620_020729] [INFO]   ✔ css/bootstrap-reboot.rtl.min.css
[20260620_020729] [INFO]   ✔ css/bootstrap-reboot.rtl.min.css.br
[20260620_020730] [INFO]   ✔ css/bootstrap-reboot.rtl.min.css.gz
[20260620_020731] [INFO]   ✔ css/bootstrap-reboot.rtl.min.css.map
[20260620_020732] [INFO]   ✔ css/bootstrap-reboot.rtl.min.css.map.br
[20260620_020733] [INFO]   ✔ css/bootstrap-reboot.rtl.min.css.map.gz
[20260620_020734] [INFO]   ✔ css/bootstrap-utilities.css
[20260620_020734] [INFO]   ✔ css/bootstrap-utilities.css.br
[20260620_020735] [INFO]   ✔ css/bootstrap-utilities.css.gz
[20260620_020736] [INFO]   ✔ css/bootstrap-utilities.css.map
[20260620_020737] [INFO]   ✔ css/bootstrap-utilities.css.map.br
[20260620_020738] [INFO]   ✔ css/bootstrap-utilities.css.map.gz
[20260620_020739] [INFO]   ✔ css/bootstrap-utilities.min.css
[20260620_020740] [INFO]   ✔ css/bootstrap-utilities.min.css.br
[20260620_020740] [INFO]   ✔ css/bootstrap-utilities.min.css.gz
[20260620_020742] [INFO]   ✔ css/bootstrap-utilities.min.css.map
[20260620_020742] [INFO]   ✔ css/bootstrap-utilities.min.css.map.br
[20260620_020743] [INFO]   ✔ css/bootstrap-utilities.min.css.map.gz
[20260620_020744] [INFO]   ✔ css/bootstrap-utilities.rtl.css
[20260620_020745] [INFO]   ✔ css/bootstrap-utilities.rtl.css.br
[20260620_020746] [INFO]   ✔ css/bootstrap-utilities.rtl.css.gz
[20260620_020747] [INFO]   ✔ css/bootstrap-utilities.rtl.css.map
[20260620_020748] [INFO]   ✔ css/bootstrap-utilities.rtl.css.map.br
[20260620_020749] [INFO]   ✔ css/bootstrap-utilities.rtl.css.map.gz
[20260620_020750] [INFO]   ✔ css/bootstrap-utilities.rtl.min.css
[20260620_020750] [INFO]   ✔ css/bootstrap-utilities.rtl.min.css.br
[20260620_020751] [INFO]   ✔ css/bootstrap-utilities.rtl.min.css.gz
[20260620_020752] [INFO]   ✔ css/bootstrap-utilities.rtl.min.css.map
[20260620_020753] [INFO]   ✔ css/bootstrap-utilities.rtl.min.css.map.br
[20260620_020754] [INFO]   ✔ css/bootstrap-utilities.rtl.min.css.map.gz
[20260620_020755] [INFO]   ✔ css/bootstrap.css
[20260620_020756] [INFO]   ✔ css/bootstrap.css.br
[20260620_020757] [INFO]   ✔ css/bootstrap.css.gz
[20260620_020759] [INFO]   ✔ css/bootstrap.css.map
[20260620_020800] [INFO]   ✔ css/bootstrap.css.map.br
[20260620_020801] [INFO]   ✔ css/bootstrap.css.map.gz
[20260620_020802] [INFO]   ✔ css/bootstrap.min.css
[20260620_020803] [INFO]   ✔ css/bootstrap.min.css.br
[20260620_020804] [INFO]   ✔ css/bootstrap.min.css.gz
[20260620_020805] [INFO]   ✔ css/bootstrap.min.css.map
[20260620_020806] [INFO]   ✔ css/bootstrap.min.css.map.br
[20260620_020807] [INFO]   ✔ css/bootstrap.min.css.map.gz
[20260620_020809] [INFO]   ✔ css/bootstrap.rtl.css
[20260620_020810] [INFO]   ✔ css/bootstrap.rtl.css.br
[20260620_020810] [INFO]   ✔ css/bootstrap.rtl.css.gz
[20260620_020812] [INFO]   ✔ css/bootstrap.rtl.css.map
[20260620_020813] [INFO]   ✔ css/bootstrap.rtl.css.map.br
[20260620_020814] [INFO]   ✔ css/bootstrap.rtl.css.map.gz
[20260620_020815] [INFO]   ✔ css/bootstrap.rtl.min.css
[20260620_020816] [INFO]   ✔ css/bootstrap.rtl.min.css.br
[20260620_020817] [INFO]   ✔ css/bootstrap.rtl.min.css.gz
[20260620_020819] [INFO]   ✔ css/bootstrap.rtl.min.css.map
[20260620_020820] [INFO]   ✔ css/bootstrap.rtl.min.css.map.br
[20260620_020821] [INFO]   ✔ css/bootstrap.rtl.min.css.map.gz
[20260620_020823] [INFO]   ✔ js/bootstrap.bundle.js
[20260620_020823] [INFO]   ✔ js/bootstrap.bundle.js.br
[20260620_020824] [INFO]   ✔ js/bootstrap.bundle.js.gz
[20260620_020826] [INFO]   ✔ js/bootstrap.bundle.js.map
[20260620_020827] [INFO]   ✔ js/bootstrap.bundle.js.map.br
[20260620_020828] [INFO]   ✔ js/bootstrap.bundle.js.map.gz
[20260620_020829] [INFO]   ✔ js/bootstrap.bundle.min.js
[20260620_020830] [INFO]   ✔ js/bootstrap.bundle.min.js.br
[20260620_020830] [INFO]   ✔ js/bootstrap.bundle.min.js.gz
[20260620_020832] [INFO]   ✔ js/bootstrap.bundle.min.js.map
[20260620_020833] [INFO]   ✔ js/bootstrap.bundle.min.js.map.br
[20260620_020834] [INFO]   ✔ js/bootstrap.bundle.min.js.map.gz
[20260620_020835] [INFO]   ✔ js/bootstrap.esm.js
[20260620_020836] [INFO]   ✔ js/bootstrap.esm.js.br
[20260620_020837] [INFO]   ✔ js/bootstrap.esm.js.gz
[20260620_020838] [INFO]   ✔ js/bootstrap.esm.js.map
[20260620_020839] [INFO]   ✔ js/bootstrap.esm.js.map.br
[20260620_020840] [INFO]   ✔ js/bootstrap.esm.js.map.gz
[20260620_020841] [INFO]   ✔ js/bootstrap.esm.min.js
[20260620_020842] [INFO]   ✔ js/bootstrap.esm.min.js.br
[20260620_020843] [INFO]   ✔ js/bootstrap.esm.min.js.gz
[20260620_020844] [INFO]   ✔ js/bootstrap.esm.min.js.map
[20260620_020845] [INFO]   ✔ js/bootstrap.esm.min.js.map.br
[20260620_020846] [INFO]   ✔ js/bootstrap.esm.min.js.map.gz
[20260620_020847] [INFO]   ✔ js/bootstrap.js
[20260620_020848] [INFO]   ✔ js/bootstrap.js.br
[20260620_020849] [INFO]   ✔ js/bootstrap.js.gz
[20260620_020850] [INFO]   ✔ js/bootstrap.js.map
[20260620_020851] [INFO]   ✔ js/bootstrap.js.map.br
[20260620_020852] [INFO]   ✔ js/bootstrap.js.map.gz
[20260620_020853] [INFO]   ✔ js/bootstrap.min.js
[20260620_020854] [INFO]   ✔ js/bootstrap.min.js.br
[20260620_020855] [INFO]   ✔ js/bootstrap.min.js.gz
[20260620_020856] [INFO]   ✔ js/bootstrap.min.js.map
[20260620_020857] [INFO]   ✔ js/bootstrap.min.js.map.br
[20260620_020858] [INFO]   ✔ js/bootstrap.min.js.map.gz
[20260620_020900] [INFO]   ✔ emails/account-confirmation.html
[20260620_020900] [INFO]   ✔ emails/account-confirmation.html.br
[20260620_020901] [INFO]   ✔ emails/account-confirmation.html.gz
[20260620_020902] [INFO]   ✔ emails/account-reactivation.html
[20260620_020902] [INFO]   ✔ emails/account-reactivation.html.br
[20260620_020903] [INFO]   ✔ emails/account-reactivation.html.gz
[20260620_020904] [INFO]   ✔ emails/password-reset.html
[20260620_020905] [INFO]   ✔ emails/password-reset.html.br
[20260620_020905] [INFO]   ✔ emails/password-reset.html.gz
[20260620_020908] [INFO]   ✔ MudBlazor/MudBlazor.min.css
[20260620_020909] [INFO]   ✔ MudBlazor/MudBlazor.min.css.br
[20260620_020910] [INFO]   ✔ MudBlazor/MudBlazor.min.css.gz
[20260620_020911] [INFO]   ✔ MudBlazor/MudBlazor.min.js
[20260620_020911] [INFO]   ✔ MudBlazor/MudBlazor.min.js.br
[20260620_020912] [INFO]   ✔ MudBlazor/MudBlazor.min.js.gz
[20260620_020913] [INFO]   ✔ MudBlazor/MudBlazor.min.js.map
[20260620_020914] [INFO]   ✔ MudBlazor/MudBlazor.min.js.map.br
[20260620_020915] [INFO]   ✔ MudBlazor/MudBlazor.min.js.map.gz
[20260620_020917] [INFO]   ✔ _framework/blazor.server.js
[20260620_020918] [INFO]   ✔ _framework/blazor.server.js.br
[20260620_020919] [INFO]   ✔ _framework/blazor.server.js.gz
[20260620_020920] [INFO]   ✔ _framework/blazor.web.js
[20260620_020921] [INFO]   ✔ _framework/blazor.web.js.br
[20260620_020922] [INFO]   ✔ _framework/blazor.web.js.gz
[20260620_020924] [INFO]   ✔ /wwwroot/ZstdSharp.dll
[20260620_020924] [INFO] Upload FTP concluído.
[20260620_020924] [INFO] Conectando ao banco de dados...
[20260620_020924] [ERROR] Falha no banco de dados: Erro ao conectar ao banco: UrlError { URL ParseError { relative URL without a base } }
[20260620_020924] [INFO] Deploy concluído com sucesso!
