[20260620_021827] [INFO] Iniciando deploy do projeto 'eTasks-server'
[20260620_021827] [INFO] Limpando pasta: C:\MeusProjetos\Publish\eTasks-server
[20260620_021827] [INFO] Executando dotnet publish...
[20260620_021827] [INFO]   Projeto : C:\MeusProjetos\eTasks-server\eTasks-server\eTasks-server\eTasks-server.csproj
[20260620_021827] [INFO]   Destino : C:\MeusProjetos\Publish\eTasks-server
[20260620_021833] [INFO] Publicação concluída.
[20260620_021833] [INFO] Conectando ao FTP: site53116.siteasp.net:21
[20260620_021834] [INFO] Conectado. Limpando /wwwroot...
[20260620_021943] [INFO] Enviando arquivos...
[20260620_021944] [INFO]   ✔ /wwwroot/appsettings.Development.json
[20260620_021945] [INFO]   ✔ /wwwroot/appsettings.json
[20260620_021946] [INFO]   ✔ /wwwroot/aspnetcorev2_inprocess.dll
[20260620_021948] [INFO]   ✔ /wwwroot/AWSSDK.Core.dll
[20260620_021949] [INFO]   ✔ /wwwroot/AWSSDK.SecurityToken.dll
[20260620_021950] [INFO]   ✔ /wwwroot/BCrypt.Net-Next.dll
[20260620_021951] [INFO]   ✔ /wwwroot/clretwrc.dll
[20260620_021953] [INFO]   ✔ /wwwroot/clrgc.dll
[20260620_021955] [INFO]   ✔ /wwwroot/clrjit.dll
[20260620_021957] [INFO]   ✔ /wwwroot/coreclr.dll
[20260620_021958] [INFO]   ✔ /wwwroot/createdump.exe
[20260620_021959] [INFO]   ✔ /wwwroot/DnsClient.dll
[20260620_022000] [INFO]   ✔ /wwwroot/dotnet-tools.json
[20260620_022001] [INFO]   ✔ /wwwroot/eTasks-server.Core.dll
[20260620_022002] [INFO]   ✔ /wwwroot/eTasks-server.Core.pdb
[20260620_022003] [INFO]   ✔ /wwwroot/eTasks-server.deps.json
[20260620_022006] [INFO]   ✔ /wwwroot/eTasks-server.dll
[20260620_022007] [INFO]   ✔ /wwwroot/eTasks-server.exe
[20260620_022008] [INFO]   ✔ /wwwroot/eTasks-server.Models.dll
[20260620_022009] [INFO]   ✔ /wwwroot/eTasks-server.Models.pdb
[20260620_022011] [INFO]   ✔ /wwwroot/eTasks-server.Models.xml
[20260620_022012] [INFO]   ✔ /wwwroot/eTasks-server.pdb
[20260620_022013] [INFO]   ✔ /wwwroot/eTasks-server.runtimeconfig.json
[20260620_022014] [INFO]   ✔ /wwwroot/eTasks-server.staticwebassets.endpoints.json
[20260620_022015] [INFO]   ✔ /wwwroot/HealthChecks.MySql.dll
[20260620_022017] [INFO]   ✔ /wwwroot/hostfxr.dll
[20260620_022018] [INFO]   ✔ /wwwroot/hostpolicy.dll
[20260620_022019] [INFO]   ✔ /wwwroot/Microsoft.AspNetCore.Antiforgery.dll
[20260620_022020] [INFO]   ✔ /wwwroot/Microsoft.AspNetCore.Authentication.Abstractions.dll
[20260620_022021] [INFO]   ✔ /wwwroot/Microsoft.AspNetCore.Authentication.BearerToken.dll
[20260620_022022] [INFO]   ✔ /wwwroot/Microsoft.AspNetCore.Authentication.Cookies.dll
[20260620_022024] [INFO]   ✔ /wwwroot/Microsoft.AspNetCore.Authentication.Core.dll
[20260620_022025] [INFO]   ✔ /wwwroot/Microsoft.AspNetCore.Authentication.dll
[20260620_022026] [INFO]   ✔ /wwwroot/Microsoft.AspNetCore.Authentication.JwtBearer.dll
[20260620_022027] [INFO]   ✔ /wwwroot/Microsoft.AspNetCore.Authentication.OAuth.dll
[20260620_022028] [INFO]   ✔ /wwwroot/Microsoft.AspNetCore.Authorization.dll
[20260620_022029] [INFO]   ✔ /wwwroot/Microsoft.AspNetCore.Authorization.Policy.dll
[20260620_022030] [INFO]   ✔ /wwwroot/Microsoft.AspNetCore.Components.Authorization.dll
[20260620_022032] [INFO]   ✔ /wwwroot/Microsoft.AspNetCore.Components.dll
[20260620_022033] [INFO]   ✔ /wwwroot/Microsoft.AspNetCore.Components.Endpoints.dll
[20260620_022034] [INFO]   ✔ /wwwroot/Microsoft.AspNetCore.Components.Forms.dll
[20260620_022036] [INFO]   ✔ /wwwroot/Microsoft.AspNetCore.Components.Server.dll
[20260620_022037] [INFO]   ✔ /wwwroot/Microsoft.AspNetCore.Components.Web.dll
[20260620_022038] [INFO]   ✔ /wwwroot/Microsoft.AspNetCore.Connections.Abstractions.dll
[20260620_022039] [INFO]   ✔ /wwwroot/Microsoft.AspNetCore.CookiePolicy.dll
[20260620_022040] [INFO]   ✔ /wwwroot/Microsoft.AspNetCore.Cors.dll
[20260620_022041] [INFO]   ✔ /wwwroot/Microsoft.AspNetCore.Cryptography.Internal.dll
[20260620_022042] [INFO]   ✔ /wwwroot/Microsoft.AspNetCore.Cryptography.KeyDerivation.dll
[20260620_022043] [INFO]   ✔ /wwwroot/Microsoft.AspNetCore.DataProtection.Abstractions.dll
[20260620_022045] [INFO]   ✔ /wwwroot/Microsoft.AspNetCore.DataProtection.dll
[20260620_022046] [INFO]   ✔ /wwwroot/Microsoft.AspNetCore.DataProtection.Extensions.dll
[20260620_022046] [INFO]   ✔ /wwwroot/Microsoft.AspNetCore.Diagnostics.Abstractions.dll
[20260620_022048] [INFO]   ✔ /wwwroot/Microsoft.AspNetCore.Diagnostics.dll
[20260620_022049] [INFO]   ✔ /wwwroot/Microsoft.AspNetCore.Diagnostics.HealthChecks.dll
[20260620_022050] [INFO]   ✔ /wwwroot/Microsoft.AspNetCore.dll
[20260620_022051] [INFO]   ✔ /wwwroot/Microsoft.AspNetCore.HostFiltering.dll
[20260620_022052] [INFO]   ✔ /wwwroot/Microsoft.AspNetCore.Hosting.Abstractions.dll
[20260620_022053] [INFO]   ✔ /wwwroot/Microsoft.AspNetCore.Hosting.dll
[20260620_022054] [INFO]   ✔ /wwwroot/Microsoft.AspNetCore.Hosting.Server.Abstractions.dll
[20260620_022055] [INFO]   ✔ /wwwroot/Microsoft.AspNetCore.Html.Abstractions.dll
[20260620_022056] [INFO]   ✔ /wwwroot/Microsoft.AspNetCore.Http.Abstractions.dll
[20260620_022057] [INFO]   ✔ /wwwroot/Microsoft.AspNetCore.Http.Connections.Common.dll
[20260620_022059] [INFO]   ✔ /wwwroot/Microsoft.AspNetCore.Http.Connections.dll
[20260620_022100] [INFO]   ✔ /wwwroot/Microsoft.AspNetCore.Http.dll
[20260620_022101] [INFO]   ✔ /wwwroot/Microsoft.AspNetCore.Http.Extensions.dll
[20260620_022102] [INFO]   ✔ /wwwroot/Microsoft.AspNetCore.Http.Features.dll
[20260620_022104] [INFO]   ✔ /wwwroot/Microsoft.AspNetCore.Http.Results.dll
[20260620_022105] [INFO]   ✔ /wwwroot/Microsoft.AspNetCore.HttpLogging.dll
[20260620_022106] [INFO]   ✔ /wwwroot/Microsoft.AspNetCore.HttpOverrides.dll
[20260620_022107] [INFO]   ✔ /wwwroot/Microsoft.AspNetCore.HttpsPolicy.dll
[20260620_022109] [INFO]   ✔ /wwwroot/Microsoft.AspNetCore.Identity.dll
[20260620_022110] [INFO]   ✔ /wwwroot/Microsoft.AspNetCore.Localization.dll
[20260620_022111] [INFO]   ✔ /wwwroot/Microsoft.AspNetCore.Localization.Routing.dll
[20260620_022112] [INFO]   ✔ /wwwroot/Microsoft.AspNetCore.Metadata.dll
[20260620_022113] [INFO]   ✔ /wwwroot/Microsoft.AspNetCore.Mvc.Abstractions.dll
[20260620_022114] [INFO]   ✔ /wwwroot/Microsoft.AspNetCore.Mvc.ApiExplorer.dll
[20260620_022116] [INFO]   ✔ /wwwroot/Microsoft.AspNetCore.Mvc.Core.dll
[20260620_022117] [INFO]   ✔ /wwwroot/Microsoft.AspNetCore.Mvc.Cors.dll
[20260620_022118] [INFO]   ✔ /wwwroot/Microsoft.AspNetCore.Mvc.DataAnnotations.dll
[20260620_022119] [INFO]   ✔ /wwwroot/Microsoft.AspNetCore.Mvc.dll
[20260620_022120] [INFO]   ✔ /wwwroot/Microsoft.AspNetCore.Mvc.Formatters.Json.dll
[20260620_022121] [INFO]   ✔ /wwwroot/Microsoft.AspNetCore.Mvc.Formatters.Xml.dll
[20260620_022122] [INFO]   ✔ /wwwroot/Microsoft.AspNetCore.Mvc.Localization.dll
[20260620_022123] [INFO]   ✔ /wwwroot/Microsoft.AspNetCore.Mvc.Razor.dll
[20260620_022125] [INFO]   ✔ /wwwroot/Microsoft.AspNetCore.Mvc.RazorPages.dll
[20260620_022126] [INFO]   ✔ /wwwroot/Microsoft.AspNetCore.Mvc.TagHelpers.dll
[20260620_022128] [INFO]   ✔ /wwwroot/Microsoft.AspNetCore.Mvc.ViewFeatures.dll
[20260620_022129] [INFO]   ✔ /wwwroot/Microsoft.AspNetCore.OpenApi.dll
[20260620_022130] [INFO]   ✔ /wwwroot/Microsoft.AspNetCore.OutputCaching.dll
[20260620_022131] [INFO]   ✔ /wwwroot/Microsoft.AspNetCore.RateLimiting.dll
[20260620_022132] [INFO]   ✔ /wwwroot/Microsoft.AspNetCore.Razor.dll
[20260620_022133] [INFO]   ✔ /wwwroot/Microsoft.AspNetCore.Razor.Runtime.dll
[20260620_022134] [INFO]   ✔ /wwwroot/Microsoft.AspNetCore.RequestDecompression.dll
[20260620_022135] [INFO]   ✔ /wwwroot/Microsoft.AspNetCore.ResponseCaching.Abstractions.dll
[20260620_022136] [INFO]   ✔ /wwwroot/Microsoft.AspNetCore.ResponseCaching.dll
[20260620_022137] [INFO]   ✔ /wwwroot/Microsoft.AspNetCore.ResponseCompression.dll
[20260620_022139] [INFO]   ✔ /wwwroot/Microsoft.AspNetCore.Rewrite.dll
[20260620_022140] [INFO]   ✔ /wwwroot/Microsoft.AspNetCore.Routing.Abstractions.dll
[20260620_022141] [INFO]   ✔ /wwwroot/Microsoft.AspNetCore.Routing.dll
[20260620_022143] [INFO]   ✔ /wwwroot/Microsoft.AspNetCore.Server.HttpSys.dll
[20260620_022145] [INFO]   ✔ /wwwroot/Microsoft.AspNetCore.Server.IIS.dll
[20260620_022146] [INFO]   ✔ /wwwroot/Microsoft.AspNetCore.Server.IISIntegration.dll
[20260620_022148] [INFO]   ✔ /wwwroot/Microsoft.AspNetCore.Server.Kestrel.Core.dll
[20260620_022149] [INFO]   ✔ /wwwroot/Microsoft.AspNetCore.Server.Kestrel.dll
[20260620_022150] [INFO]   ✔ /wwwroot/Microsoft.AspNetCore.Server.Kestrel.Transport.NamedPipes.dll
[20260620_022151] [INFO]   ✔ /wwwroot/Microsoft.AspNetCore.Server.Kestrel.Transport.Quic.dll
[20260620_022153] [INFO]   ✔ /wwwroot/Microsoft.AspNetCore.Server.Kestrel.Transport.Sockets.dll
[20260620_022154] [INFO]   ✔ /wwwroot/Microsoft.AspNetCore.Session.dll
[20260620_022155] [INFO]   ✔ /wwwroot/Microsoft.AspNetCore.SignalR.Common.dll
[20260620_022157] [INFO]   ✔ /wwwroot/Microsoft.AspNetCore.SignalR.Core.dll
[20260620_022157] [INFO]   ✔ /wwwroot/Microsoft.AspNetCore.SignalR.dll
[20260620_022158] [INFO]   ✔ /wwwroot/Microsoft.AspNetCore.SignalR.Protocols.Json.dll
[20260620_022200] [INFO]   ✔ /wwwroot/Microsoft.AspNetCore.StaticAssets.dll
[20260620_022201] [INFO]   ✔ /wwwroot/Microsoft.AspNetCore.StaticFiles.dll
[20260620_022202] [INFO]   ✔ /wwwroot/Microsoft.AspNetCore.WebSockets.dll
[20260620_022203] [INFO]   ✔ /wwwroot/Microsoft.AspNetCore.WebUtilities.dll
[20260620_022206] [INFO]   ✔ /wwwroot/Microsoft.CSharp.dll
[20260620_022212] [INFO]   ✔ /wwwroot/Microsoft.DiaSymReader.Native.x86.dll
[20260620_022213] [INFO]   ✔ /wwwroot/Microsoft.EntityFrameworkCore.Abstractions.dll
[20260620_022219] [INFO]   ✔ /wwwroot/Microsoft.EntityFrameworkCore.dll
[20260620_022225] [INFO]   ✔ /wwwroot/Microsoft.EntityFrameworkCore.Relational.dll
[20260620_022226] [INFO]   ✔ /wwwroot/Microsoft.Extensions.Caching.Abstractions.dll
[20260620_022227] [INFO]   ✔ /wwwroot/Microsoft.Extensions.Caching.Memory.dll
[20260620_022228] [INFO]   ✔ /wwwroot/Microsoft.Extensions.Configuration.Abstractions.dll
[20260620_022229] [INFO]   ✔ /wwwroot/Microsoft.Extensions.Configuration.Binder.dll
[20260620_022230] [INFO]   ✔ /wwwroot/Microsoft.Extensions.Configuration.CommandLine.dll
[20260620_022231] [INFO]   ✔ /wwwroot/Microsoft.Extensions.Configuration.dll
[20260620_022231] [INFO]   ✔ /wwwroot/Microsoft.Extensions.Configuration.EnvironmentVariables.dll
[20260620_022232] [INFO]   ✔ /wwwroot/Microsoft.Extensions.Configuration.FileExtensions.dll
[20260620_022233] [INFO]   ✔ /wwwroot/Microsoft.Extensions.Configuration.Ini.dll
[20260620_022234] [INFO]   ✔ /wwwroot/Microsoft.Extensions.Configuration.Json.dll
[20260620_022235] [INFO]   ✔ /wwwroot/Microsoft.Extensions.Configuration.KeyPerFile.dll
[20260620_022236] [INFO]   ✔ /wwwroot/Microsoft.Extensions.Configuration.UserSecrets.dll
[20260620_022237] [INFO]   ✔ /wwwroot/Microsoft.Extensions.Configuration.Xml.dll
[20260620_022238] [INFO]   ✔ /wwwroot/Microsoft.Extensions.DependencyInjection.Abstractions.dll
[20260620_022239] [INFO]   ✔ /wwwroot/Microsoft.Extensions.DependencyInjection.dll
[20260620_022240] [INFO]   ✔ /wwwroot/Microsoft.Extensions.DependencyModel.dll
[20260620_022241] [INFO]   ✔ /wwwroot/Microsoft.Extensions.Diagnostics.Abstractions.dll
[20260620_022242] [INFO]   ✔ /wwwroot/Microsoft.Extensions.Diagnostics.dll
[20260620_022243] [INFO]   ✔ /wwwroot/Microsoft.Extensions.Diagnostics.HealthChecks.Abstractions.dll
[20260620_022244] [INFO]   ✔ /wwwroot/Microsoft.Extensions.Diagnostics.HealthChecks.dll
[20260620_022245] [INFO]   ✔ /wwwroot/Microsoft.Extensions.Features.dll
[20260620_022246] [INFO]   ✔ /wwwroot/Microsoft.Extensions.FileProviders.Abstractions.dll
[20260620_022247] [INFO]   ✔ /wwwroot/Microsoft.Extensions.FileProviders.Composite.dll
[20260620_022248] [INFO]   ✔ /wwwroot/Microsoft.Extensions.FileProviders.Embedded.dll
[20260620_022249] [INFO]   ✔ /wwwroot/Microsoft.Extensions.FileProviders.Physical.dll
[20260620_022250] [INFO]   ✔ /wwwroot/Microsoft.Extensions.FileSystemGlobbing.dll
[20260620_022251] [INFO]   ✔ /wwwroot/Microsoft.Extensions.Hosting.Abstractions.dll
[20260620_022252] [INFO]   ✔ /wwwroot/Microsoft.Extensions.Hosting.dll
[20260620_022253] [INFO]   ✔ /wwwroot/Microsoft.Extensions.Http.dll
[20260620_022255] [INFO]   ✔ /wwwroot/Microsoft.Extensions.Identity.Core.dll
[20260620_022256] [INFO]   ✔ /wwwroot/Microsoft.Extensions.Identity.Stores.dll
[20260620_022257] [INFO]   ✔ /wwwroot/Microsoft.Extensions.Localization.Abstractions.dll
[20260620_022258] [INFO]   ✔ /wwwroot/Microsoft.Extensions.Localization.dll
[20260620_022259] [INFO]   ✔ /wwwroot/Microsoft.Extensions.Logging.Abstractions.dll
[20260620_022300] [INFO]   ✔ /wwwroot/Microsoft.Extensions.Logging.Configuration.dll
[20260620_022301] [INFO]   ✔ /wwwroot/Microsoft.Extensions.Logging.Console.dll
[20260620_022302] [INFO]   ✔ /wwwroot/Microsoft.Extensions.Logging.Debug.dll
[20260620_022303] [INFO]   ✔ /wwwroot/Microsoft.Extensions.Logging.dll
[20260620_022304] [INFO]   ✔ /wwwroot/Microsoft.Extensions.Logging.EventLog.dll
[20260620_022305] [INFO]   ✔ /wwwroot/Microsoft.Extensions.Logging.EventSource.dll
[20260620_022306] [INFO]   ✔ /wwwroot/Microsoft.Extensions.Logging.TraceSource.dll
[20260620_022307] [INFO]   ✔ /wwwroot/Microsoft.Extensions.ObjectPool.dll
[20260620_022308] [INFO]   ✔ /wwwroot/Microsoft.Extensions.Options.ConfigurationExtensions.dll
[20260620_022308] [INFO]   ✔ /wwwroot/Microsoft.Extensions.Options.DataAnnotations.dll
[20260620_022310] [INFO]   ✔ /wwwroot/Microsoft.Extensions.Options.dll
[20260620_022310] [INFO]   ✔ /wwwroot/Microsoft.Extensions.Primitives.dll
[20260620_022311] [INFO]   ✔ /wwwroot/Microsoft.Extensions.Validation.dll
[20260620_022312] [INFO]   ✔ /wwwroot/Microsoft.Extensions.WebEncoders.dll
[20260620_022313] [INFO]   ✔ /wwwroot/Microsoft.IdentityModel.Abstractions.dll
[20260620_022314] [INFO]   ✔ /wwwroot/Microsoft.IdentityModel.JsonWebTokens.dll
[20260620_022315] [INFO]   ✔ /wwwroot/Microsoft.IdentityModel.Logging.dll
[20260620_022316] [INFO]   ✔ /wwwroot/Microsoft.IdentityModel.Protocols.dll
[20260620_022317] [INFO]   ✔ /wwwroot/Microsoft.IdentityModel.Protocols.OpenIdConnect.dll
[20260620_022319] [INFO]   ✔ /wwwroot/Microsoft.IdentityModel.Tokens.dll
[20260620_022320] [INFO]   ✔ /wwwroot/Microsoft.JSInterop.dll
[20260620_022322] [INFO]   ✔ /wwwroot/Microsoft.Net.Http.Headers.dll
[20260620_022324] [INFO]   ✔ /wwwroot/Microsoft.OpenApi.dll
[20260620_022327] [INFO]   ✔ /wwwroot/Microsoft.VisualBasic.Core.dll
[20260620_022328] [INFO]   ✔ /wwwroot/Microsoft.VisualBasic.dll
[20260620_022328] [INFO]   ✔ /wwwroot/Microsoft.Win32.Primitives.dll
[20260620_022330] [INFO]   ✔ /wwwroot/Microsoft.Win32.Registry.dll
[20260620_022336] [INFO]   ✔ /wwwroot/mongocrypt.dll
[20260620_022339] [INFO]   ✔ /wwwroot/MongoDB.Bson.dll
[20260620_022342] [INFO]   ✔ /wwwroot/MongoDB.Driver.Core.dll
[20260620_022346] [INFO]   ✔ /wwwroot/MongoDB.Driver.dll
[20260620_022347] [INFO]   ✔ /wwwroot/MongoDB.Libmongocrypt.dll
[20260620_022351] [INFO]   ✔ /wwwroot/mscordaccore.dll
[20260620_022354] [INFO]   ✔ /wwwroot/mscordaccore_x86_x86_10.0.826.23019.dll
[20260620_022358] [INFO]   ✔ /wwwroot/mscordbi.dll
[20260620_022359] [INFO]   ✔ /wwwroot/mscorlib.dll
[20260620_022400] [INFO]   ✔ /wwwroot/mscorrc.dll
[20260620_022402] [INFO]   ✔ /wwwroot/msquic.dll
[20260620_022425] [INFO]   ✔ /wwwroot/MudBlazor.dll
[20260620_022428] [INFO]   ✔ /wwwroot/MySqlConnector.dll
[20260620_022429] [INFO]   ✔ /wwwroot/netstandard.dll
[20260620_022432] [INFO]   ✔ /wwwroot/Pomelo.EntityFrameworkCore.MySql.dll
[20260620_022436] [INFO]   ✔ /wwwroot/Scalar.AspNetCore.dll
[20260620_022437] [INFO]   ✔ /wwwroot/Serilog.AspNetCore.dll
[20260620_022438] [INFO]   ✔ /wwwroot/Serilog.dll
[20260620_022439] [INFO]   ✔ /wwwroot/Serilog.Enrichers.Environment.dll
[20260620_022439] [INFO]   ✔ /wwwroot/Serilog.Enrichers.Thread.dll
[20260620_022440] [INFO]   ✔ /wwwroot/Serilog.Extensions.Hosting.dll
[20260620_022441] [INFO]   ✔ /wwwroot/Serilog.Extensions.Logging.dll
[20260620_022442] [INFO]   ✔ /wwwroot/Serilog.Formatting.Compact.dll
[20260620_022443] [INFO]   ✔ /wwwroot/Serilog.Settings.Configuration.dll
[20260620_022444] [INFO]   ✔ /wwwroot/Serilog.Sinks.Console.dll
[20260620_022444] [INFO]   ✔ /wwwroot/Serilog.Sinks.Debug.dll
[20260620_022445] [INFO]   ✔ /wwwroot/Serilog.Sinks.File.dll
[20260620_022451] [INFO]   ✔ /wwwroot/SharpCompress.dll
[20260620_022452] [INFO]   ✔ /wwwroot/Snappier.dll
[20260620_022453] [INFO]   ✔ /wwwroot/System.AppContext.dll
[20260620_022454] [INFO]   ✔ /wwwroot/System.Buffers.dll
[20260620_022455] [INFO]   ✔ /wwwroot/System.Collections.Concurrent.dll
[20260620_022457] [INFO]   ✔ /wwwroot/System.Collections.dll
[20260620_022500] [INFO]   ✔ /wwwroot/System.Collections.Immutable.dll
[20260620_022501] [INFO]   ✔ /wwwroot/System.Collections.NonGeneric.dll
[20260620_022502] [INFO]   ✔ /wwwroot/System.Collections.Specialized.dll
[20260620_022503] [INFO]   ✔ /wwwroot/System.ComponentModel.Annotations.dll
[20260620_022504] [INFO]   ✔ /wwwroot/System.ComponentModel.DataAnnotations.dll
[20260620_022505] [INFO]   ✔ /wwwroot/System.ComponentModel.dll
[20260620_022506] [INFO]   ✔ /wwwroot/System.ComponentModel.EventBasedAsync.dll
[20260620_022507] [INFO]   ✔ /wwwroot/System.ComponentModel.Primitives.dll
[20260620_022509] [INFO]   ✔ /wwwroot/System.ComponentModel.TypeConverter.dll
[20260620_022510] [INFO]   ✔ /wwwroot/System.Configuration.dll
[20260620_022511] [INFO]   ✔ /wwwroot/System.Console.dll
[20260620_022512] [INFO]   ✔ /wwwroot/System.Core.dll
[20260620_022519] [INFO]   ✔ /wwwroot/System.Data.Common.dll
[20260620_022519] [INFO]   ✔ /wwwroot/System.Data.DataSetExtensions.dll
[20260620_022520] [INFO]   ✔ /wwwroot/System.Data.dll
[20260620_022521] [INFO]   ✔ /wwwroot/System.Diagnostics.Contracts.dll
[20260620_022522] [INFO]   ✔ /wwwroot/System.Diagnostics.Debug.dll
[20260620_022524] [INFO]   ✔ /wwwroot/System.Diagnostics.DiagnosticSource.dll
[20260620_022525] [INFO]   ✔ /wwwroot/System.Diagnostics.EventLog.dll
[20260620_022528] [INFO]   ✔ /wwwroot/System.Diagnostics.EventLog.Messages.dll
[20260620_022529] [INFO]   ✔ /wwwroot/System.Diagnostics.FileVersionInfo.dll
[20260620_022531] [INFO]   ✔ /wwwroot/System.Diagnostics.Process.dll
[20260620_022532] [INFO]   ✔ /wwwroot/System.Diagnostics.StackTrace.dll
[20260620_022532] [INFO]   ✔ /wwwroot/System.Diagnostics.TextWriterTraceListener.dll
[20260620_022533] [INFO]   ✔ /wwwroot/System.Diagnostics.Tools.dll
[20260620_022534] [INFO]   ✔ /wwwroot/System.Diagnostics.TraceSource.dll
[20260620_022535] [INFO]   ✔ /wwwroot/System.Diagnostics.Tracing.dll
[20260620_022536] [INFO]   ✔ /wwwroot/System.dll
[20260620_022537] [INFO]   ✔ /wwwroot/System.Drawing.dll
[20260620_022538] [INFO]   ✔ /wwwroot/System.Drawing.Primitives.dll
[20260620_022539] [INFO]   ✔ /wwwroot/System.Dynamic.Runtime.dll
[20260620_022540] [INFO]   ✔ /wwwroot/System.Formats.Asn1.dll
[20260620_022542] [INFO]   ✔ /wwwroot/System.Formats.Cbor.dll
[20260620_022543] [INFO]   ✔ /wwwroot/System.Formats.Tar.dll
[20260620_022544] [INFO]   ✔ /wwwroot/System.Globalization.Calendars.dll
[20260620_022545] [INFO]   ✔ /wwwroot/System.Globalization.dll
[20260620_022545] [INFO]   ✔ /wwwroot/System.Globalization.Extensions.dll
[20260620_022546] [INFO]   ✔ /wwwroot/System.IdentityModel.Tokens.Jwt.dll
[20260620_022547] [INFO]   ✔ /wwwroot/System.IO.Compression.Brotli.dll
[20260620_022549] [INFO]   ✔ /wwwroot/System.IO.Compression.dll
[20260620_022550] [INFO]   ✔ /wwwroot/System.IO.Compression.FileSystem.dll
[20260620_022553] [INFO]   ✔ /wwwroot/System.IO.Compression.Native.dll
[20260620_022554] [INFO]   ✔ /wwwroot/System.IO.Compression.ZipFile.dll
[20260620_022554] [INFO]   ✔ /wwwroot/System.IO.dll
[20260620_022556] [INFO]   ✔ /wwwroot/System.IO.FileSystem.AccessControl.dll
[20260620_022556] [INFO]   ✔ /wwwroot/System.IO.FileSystem.dll
[20260620_022557] [INFO]   ✔ /wwwroot/System.IO.FileSystem.DriveInfo.dll
[20260620_022558] [INFO]   ✔ /wwwroot/System.IO.FileSystem.Primitives.dll
[20260620_022559] [INFO]   ✔ /wwwroot/System.IO.FileSystem.Watcher.dll
[20260620_022600] [INFO]   ✔ /wwwroot/System.IO.IsolatedStorage.dll
[20260620_022601] [INFO]   ✔ /wwwroot/System.IO.MemoryMappedFiles.dll
[20260620_022602] [INFO]   ✔ /wwwroot/System.IO.Pipelines.dll
[20260620_022603] [INFO]   ✔ /wwwroot/System.IO.Pipes.AccessControl.dll
[20260620_022605] [INFO]   ✔ /wwwroot/System.IO.Pipes.dll
[20260620_022606] [INFO]   ✔ /wwwroot/System.IO.UnmanagedMemoryStream.dll
[20260620_022609] [INFO]   ✔ /wwwroot/System.Linq.AsyncEnumerable.dll
[20260620_022612] [INFO]   ✔ /wwwroot/System.Linq.dll
[20260620_022620] [INFO]   ✔ /wwwroot/System.Linq.Expressions.dll
[20260620_022622] [INFO]   ✔ /wwwroot/System.Linq.Parallel.dll
[20260620_022624] [INFO]   ✔ /wwwroot/System.Linq.Queryable.dll
[20260620_022625] [INFO]   ✔ /wwwroot/System.Memory.dll
[20260620_022626] [INFO]   ✔ /wwwroot/System.Net.dll
[20260620_022630] [INFO]   ✔ /wwwroot/System.Net.Http.dll
[20260620_022631] [INFO]   ✔ /wwwroot/System.Net.Http.Json.dll
[20260620_022633] [INFO]   ✔ /wwwroot/System.Net.HttpListener.dll
[20260620_022635] [INFO]   ✔ /wwwroot/System.Net.Mail.dll
[20260620_022636] [INFO]   ✔ /wwwroot/System.Net.NameResolution.dll
[20260620_022638] [INFO]   ✔ /wwwroot/System.Net.NetworkInformation.dll
[20260620_022638] [INFO]   ✔ /wwwroot/System.Net.Ping.dll
[20260620_022640] [INFO]   ✔ /wwwroot/System.Net.Primitives.dll
[20260620_022641] [INFO]   ✔ /wwwroot/System.Net.Quic.dll
[20260620_022643] [INFO]   ✔ /wwwroot/System.Net.Requests.dll
[20260620_022645] [INFO]   ✔ /wwwroot/System.Net.Security.dll
[20260620_022646] [INFO]   ✔ /wwwroot/System.Net.ServerSentEvents.dll
[20260620_022647] [INFO]   ✔ /wwwroot/System.Net.ServicePoint.dll
[20260620_022649] [INFO]   ✔ /wwwroot/System.Net.Sockets.dll
[20260620_022650] [INFO]   ✔ /wwwroot/System.Net.WebClient.dll
[20260620_022651] [INFO]   ✔ /wwwroot/System.Net.WebHeaderCollection.dll
[20260620_022652] [INFO]   ✔ /wwwroot/System.Net.WebProxy.dll
[20260620_022653] [INFO]   ✔ /wwwroot/System.Net.WebSockets.Client.dll
[20260620_022655] [INFO]   ✔ /wwwroot/System.Net.WebSockets.dll
[20260620_022656] [INFO]   ✔ /wwwroot/System.Numerics.dll
[20260620_022656] [INFO]   ✔ /wwwroot/System.Numerics.Vectors.dll
[20260620_022657] [INFO]   ✔ /wwwroot/System.ObjectModel.dll
[20260620_022732] [INFO]   ✔ /wwwroot/System.Private.CoreLib.dll
[20260620_022737] [INFO]   ✔ /wwwroot/System.Private.DataContractSerialization.dll
[20260620_022739] [INFO]   ✔ /wwwroot/System.Private.Uri.dll
[20260620_022756] [INFO]   ✔ /wwwroot/System.Private.Xml.dll
[20260620_022758] [INFO]   ✔ /wwwroot/System.Private.Xml.Linq.dll
[20260620_022759] [INFO]   ✔ /wwwroot/System.Reflection.DispatchProxy.dll
[20260620_022759] [INFO]   ✔ /wwwroot/System.Reflection.dll
[20260620_022801] [INFO]   ✔ /wwwroot/System.Reflection.Emit.dll
[20260620_022802] [INFO]   ✔ /wwwroot/System.Reflection.Emit.ILGeneration.dll
[20260620_022802] [INFO]   ✔ /wwwroot/System.Reflection.Emit.Lightweight.dll
[20260620_022803] [INFO]   ✔ /wwwroot/System.Reflection.Extensions.dll
[20260620_022807] [INFO]   ✔ /wwwroot/System.Reflection.Metadata.dll
[20260620_022808] [INFO]   ✔ /wwwroot/System.Reflection.Primitives.dll
[20260620_022809] [INFO]   ✔ /wwwroot/System.Reflection.TypeExtensions.dll
[20260620_022809] [INFO]   ✔ /wwwroot/System.Resources.Reader.dll
[20260620_022810] [INFO]   ✔ /wwwroot/System.Resources.ResourceManager.dll
[20260620_022811] [INFO]   ✔ /wwwroot/System.Resources.Writer.dll
[20260620_022812] [INFO]   ✔ /wwwroot/System.Runtime.CompilerServices.Unsafe.dll
[20260620_022813] [INFO]   ✔ /wwwroot/System.Runtime.CompilerServices.VisualC.dll
[20260620_022814] [INFO]   ✔ /wwwroot/System.Runtime.dll
[20260620_022815] [INFO]   ✔ /wwwroot/System.Runtime.Extensions.dll
[20260620_022815] [INFO]   ✔ /wwwroot/System.Runtime.Handles.dll
[20260620_022817] [INFO]   ✔ /wwwroot/System.Runtime.InteropServices.dll
[20260620_022818] [INFO]   ✔ /wwwroot/System.Runtime.InteropServices.JavaScript.dll
[20260620_022818] [INFO]   ✔ /wwwroot/System.Runtime.InteropServices.RuntimeInformation.dll
[20260620_022819] [INFO]   ✔ /wwwroot/System.Runtime.Intrinsics.dll
[20260620_022820] [INFO]   ✔ /wwwroot/System.Runtime.Loader.dll
[20260620_022822] [INFO]   ✔ /wwwroot/System.Runtime.Numerics.dll
[20260620_022822] [INFO]   ✔ /wwwroot/System.Runtime.Serialization.dll
[20260620_022824] [INFO]   ✔ /wwwroot/System.Runtime.Serialization.Formatters.dll
[20260620_022824] [INFO]   ✔ /wwwroot/System.Runtime.Serialization.Json.dll
[20260620_022825] [INFO]   ✔ /wwwroot/System.Runtime.Serialization.Primitives.dll
[20260620_022826] [INFO]   ✔ /wwwroot/System.Runtime.Serialization.Xml.dll
[20260620_022827] [INFO]   ✔ /wwwroot/System.Security.AccessControl.dll
[20260620_022828] [INFO]   ✔ /wwwroot/System.Security.Claims.dll
[20260620_022829] [INFO]   ✔ /wwwroot/System.Security.Cryptography.Algorithms.dll
[20260620_022830] [INFO]   ✔ /wwwroot/System.Security.Cryptography.Cng.dll
[20260620_022831] [INFO]   ✔ /wwwroot/System.Security.Cryptography.Csp.dll
[20260620_022837] [INFO]   ✔ /wwwroot/System.Security.Cryptography.dll
[20260620_022838] [INFO]   ✔ /wwwroot/System.Security.Cryptography.Encoding.dll
[20260620_022838] [INFO]   ✔ /wwwroot/System.Security.Cryptography.OpenSsl.dll
[20260620_022841] [INFO]   ✔ /wwwroot/System.Security.Cryptography.Pkcs.dll
[20260620_022842] [INFO]   ✔ /wwwroot/System.Security.Cryptography.Primitives.dll
[20260620_022843] [INFO]   ✔ /wwwroot/System.Security.Cryptography.X509Certificates.dll
[20260620_022844] [INFO]   ✔ /wwwroot/System.Security.Cryptography.Xml.dll
[20260620_022845] [INFO]   ✔ /wwwroot/System.Security.dll
[20260620_022846] [INFO]   ✔ /wwwroot/System.Security.Principal.dll
[20260620_022847] [INFO]   ✔ /wwwroot/System.Security.Principal.Windows.dll
[20260620_022848] [INFO]   ✔ /wwwroot/System.Security.SecureString.dll
[20260620_022849] [INFO]   ✔ /wwwroot/System.ServiceModel.Web.dll
[20260620_022850] [INFO]   ✔ /wwwroot/System.ServiceProcess.dll
[20260620_022852] [INFO]   ✔ /wwwroot/System.Text.Encoding.CodePages.dll
[20260620_022853] [INFO]   ✔ /wwwroot/System.Text.Encoding.dll
[20260620_022854] [INFO]   ✔ /wwwroot/System.Text.Encoding.Extensions.dll
[20260620_022855] [INFO]   ✔ /wwwroot/System.Text.Encodings.Web.dll
[20260620_022900] [INFO]   ✔ /wwwroot/System.Text.Json.dll
[20260620_022903] [INFO]   ✔ /wwwroot/System.Text.RegularExpressions.dll
[20260620_022904] [INFO]   ✔ /wwwroot/System.Threading.AccessControl.dll
[20260620_022905] [INFO]   ✔ /wwwroot/System.Threading.Channels.dll
[20260620_022906] [INFO]   ✔ /wwwroot/System.Threading.dll
[20260620_022907] [INFO]   ✔ /wwwroot/System.Threading.Overlapped.dll
[20260620_022908] [INFO]   ✔ /wwwroot/System.Threading.RateLimiting.dll
[20260620_022910] [INFO]   ✔ /wwwroot/System.Threading.Tasks.Dataflow.dll
[20260620_022911] [INFO]   ✔ /wwwroot/System.Threading.Tasks.dll
[20260620_022912] [INFO]   ✔ /wwwroot/System.Threading.Tasks.Extensions.dll
[20260620_022913] [INFO]   ✔ /wwwroot/System.Threading.Tasks.Parallel.dll
[20260620_022914] [INFO]   ✔ /wwwroot/System.Threading.Thread.dll
[20260620_022915] [INFO]   ✔ /wwwroot/System.Threading.ThreadPool.dll
[20260620_022915] [INFO]   ✔ /wwwroot/System.Threading.Timer.dll
[20260620_022916] [INFO]   ✔ /wwwroot/System.Transactions.dll
[20260620_022918] [INFO]   ✔ /wwwroot/System.Transactions.Local.dll
[20260620_022919] [INFO]   ✔ /wwwroot/System.ValueTuple.dll
[20260620_022920] [INFO]   ✔ /wwwroot/System.Web.dll
[20260620_022921] [INFO]   ✔ /wwwroot/System.Web.HttpUtility.dll
[20260620_022922] [INFO]   ✔ /wwwroot/System.Windows.dll
[20260620_022923] [INFO]   ✔ /wwwroot/System.Xml.dll
[20260620_022923] [INFO]   ✔ /wwwroot/System.Xml.Linq.dll
[20260620_022924] [INFO]   ✔ /wwwroot/System.Xml.ReaderWriter.dll
[20260620_022925] [INFO]   ✔ /wwwroot/System.Xml.Serialization.dll
[20260620_022926] [INFO]   ✔ /wwwroot/System.Xml.XDocument.dll
[20260620_022927] [INFO]   ✔ /wwwroot/System.Xml.XmlDocument.dll
[20260620_022928] [INFO]   ✔ /wwwroot/System.Xml.XmlSerializer.dll
[20260620_022928] [INFO]   ✔ /wwwroot/System.Xml.XPath.dll
[20260620_022929] [INFO]   ✔ /wwwroot/System.Xml.XPath.XDocument.dll
[20260620_022930] [INFO]   ✔ /wwwroot/web.config
[20260620_022931] [INFO]   ✔ /wwwroot/WindowsBase.dll
[20260620_022932] [INFO]   ✔ wwwroot/About.txt
[20260620_022932] [INFO]   ✔ wwwroot/About.txt.br
[20260620_022933] [INFO]   ✔ wwwroot/About.txt.gz
[20260620_022934] [INFO]   ✔ wwwroot/app.css
[20260620_022934] [INFO]   ✔ wwwroot/app.css.br
[20260620_022935] [INFO]   ✔ wwwroot/app.css.gz
[20260620_022936] [INFO]   ✔ wwwroot/eTasks-server.styles.css
[20260620_022936] [INFO]   ✔ wwwroot/eTasks-server.styles.css.br
[20260620_022937] [INFO]   ✔ wwwroot/eTasks-server.styles.css.gz
[20260620_022939] [INFO]   ✔ wwwroot/eTasks2.webp
[20260620_022940] [INFO]   ✔ wwwroot/favicon.png
[20260620_022942] [INFO]   ✔ css/bootstrap-grid.css
[20260620_022943] [INFO]   ✔ css/bootstrap-grid.css.br
[20260620_022944] [INFO]   ✔ css/bootstrap-grid.css.gz
[20260620_022945] [INFO]   ✔ css/bootstrap-grid.css.map
[20260620_022946] [INFO]   ✔ css/bootstrap-grid.css.map.br
[20260620_022946] [INFO]   ✔ css/bootstrap-grid.css.map.gz
[20260620_022947] [INFO]   ✔ css/bootstrap-grid.min.css
[20260620_022948] [INFO]   ✔ css/bootstrap-grid.min.css.br
[20260620_022949] [INFO]   ✔ css/bootstrap-grid.min.css.gz
[20260620_022950] [INFO]   ✔ css/bootstrap-grid.min.css.map
[20260620_022951] [INFO]   ✔ css/bootstrap-grid.min.css.map.br
[20260620_022951] [INFO]   ✔ css/bootstrap-grid.min.css.map.gz
[20260620_022953] [INFO]   ✔ css/bootstrap-grid.rtl.css
[20260620_022954] [INFO]   ✔ css/bootstrap-grid.rtl.css.br
[20260620_022954] [INFO]   ✔ css/bootstrap-grid.rtl.css.gz
[20260620_022955] [INFO]   ✔ css/bootstrap-grid.rtl.css.map
[20260620_022956] [INFO]   ✔ css/bootstrap-grid.rtl.css.map.br
[20260620_022957] [INFO]   ✔ css/bootstrap-grid.rtl.css.map.gz
[20260620_022958] [INFO]   ✔ css/bootstrap-grid.rtl.min.css
[20260620_022959] [INFO]   ✔ css/bootstrap-grid.rtl.min.css.br
[20260620_022959] [INFO]   ✔ css/bootstrap-grid.rtl.min.css.gz
[20260620_023001] [INFO]   ✔ css/bootstrap-grid.rtl.min.css.map
[20260620_023001] [INFO]   ✔ css/bootstrap-grid.rtl.min.css.map.br
[20260620_023002] [INFO]   ✔ css/bootstrap-grid.rtl.min.css.map.gz
[20260620_023003] [INFO]   ✔ css/bootstrap-reboot.css
[20260620_023003] [INFO]   ✔ css/bootstrap-reboot.css.br
[20260620_023004] [INFO]   ✔ css/bootstrap-reboot.css.gz
[20260620_023005] [INFO]   ✔ css/bootstrap-reboot.css.map
[20260620_023006] [INFO]   ✔ css/bootstrap-reboot.css.map.br
[20260620_023007] [INFO]   ✔ css/bootstrap-reboot.css.map.gz
[20260620_023007] [INFO]   ✔ css/bootstrap-reboot.min.css
[20260620_023008] [INFO]   ✔ css/bootstrap-reboot.min.css.br
[20260620_023009] [INFO]   ✔ css/bootstrap-reboot.min.css.gz
[20260620_023010] [INFO]   ✔ css/bootstrap-reboot.min.css.map
[20260620_023010] [INFO]   ✔ css/bootstrap-reboot.min.css.map.br
[20260620_023011] [INFO]   ✔ css/bootstrap-reboot.min.css.map.gz
[20260620_023012] [INFO]   ✔ css/bootstrap-reboot.rtl.css
[20260620_023012] [INFO]   ✔ css/bootstrap-reboot.rtl.css.br
[20260620_023013] [INFO]   ✔ css/bootstrap-reboot.rtl.css.gz
[20260620_023014] [INFO]   ✔ css/bootstrap-reboot.rtl.css.map
[20260620_023015] [INFO]   ✔ css/bootstrap-reboot.rtl.css.map.br
[20260620_023016] [INFO]   ✔ css/bootstrap-reboot.rtl.css.map.gz
[20260620_023017] [INFO]   ✔ css/bootstrap-reboot.rtl.min.css
[20260620_023017] [INFO]   ✔ css/bootstrap-reboot.rtl.min.css.br
[20260620_023018] [INFO]   ✔ css/bootstrap-reboot.rtl.min.css.gz
[20260620_023019] [INFO]   ✔ css/bootstrap-reboot.rtl.min.css.map
[20260620_023019] [INFO]   ✔ css/bootstrap-reboot.rtl.min.css.map.br
[20260620_023020] [INFO]   ✔ css/bootstrap-reboot.rtl.min.css.map.gz
[20260620_023021] [INFO]   ✔ css/bootstrap-utilities.css
[20260620_023022] [INFO]   ✔ css/bootstrap-utilities.css.br
[20260620_023023] [INFO]   ✔ css/bootstrap-utilities.css.gz
[20260620_023024] [INFO]   ✔ css/bootstrap-utilities.css.map
[20260620_023025] [INFO]   ✔ css/bootstrap-utilities.css.map.br
[20260620_023026] [INFO]   ✔ css/bootstrap-utilities.css.map.gz
[20260620_023027] [INFO]   ✔ css/bootstrap-utilities.min.css
[20260620_023028] [INFO]   ✔ css/bootstrap-utilities.min.css.br
[20260620_023028] [INFO]   ✔ css/bootstrap-utilities.min.css.gz
[20260620_023030] [INFO]   ✔ css/bootstrap-utilities.min.css.map
[20260620_023030] [INFO]   ✔ css/bootstrap-utilities.min.css.map.br
[20260620_023031] [INFO]   ✔ css/bootstrap-utilities.min.css.map.gz
[20260620_023032] [INFO]   ✔ css/bootstrap-utilities.rtl.css
[20260620_023033] [INFO]   ✔ css/bootstrap-utilities.rtl.css.br
[20260620_023034] [INFO]   ✔ css/bootstrap-utilities.rtl.css.gz
[20260620_023035] [INFO]   ✔ css/bootstrap-utilities.rtl.css.map
[20260620_023036] [INFO]   ✔ css/bootstrap-utilities.rtl.css.map.br
[20260620_023037] [INFO]   ✔ css/bootstrap-utilities.rtl.css.map.gz
[20260620_023038] [INFO]   ✔ css/bootstrap-utilities.rtl.min.css
[20260620_023039] [INFO]   ✔ css/bootstrap-utilities.rtl.min.css.br
[20260620_023039] [INFO]   ✔ css/bootstrap-utilities.rtl.min.css.gz
[20260620_023041] [INFO]   ✔ css/bootstrap-utilities.rtl.min.css.map
[20260620_023041] [INFO]   ✔ css/bootstrap-utilities.rtl.min.css.map.br
[20260620_023042] [INFO]   ✔ css/bootstrap-utilities.rtl.min.css.map.gz
[20260620_023044] [INFO]   ✔ css/bootstrap.css
[20260620_023045] [INFO]   ✔ css/bootstrap.css.br
[20260620_023045] [INFO]   ✔ css/bootstrap.css.gz
[20260620_023048] [INFO]   ✔ css/bootstrap.css.map
[20260620_023049] [INFO]   ✔ css/bootstrap.css.map.br
[20260620_023050] [INFO]   ✔ css/bootstrap.css.map.gz
[20260620_023051] [INFO]   ✔ css/bootstrap.min.css
[20260620_023052] [INFO]   ✔ css/bootstrap.min.css.br
[20260620_023053] [INFO]   ✔ css/bootstrap.min.css.gz
[20260620_023055] [INFO]   ✔ css/bootstrap.min.css.map
[20260620_023056] [INFO]   ✔ css/bootstrap.min.css.map.br
[20260620_023057] [INFO]   ✔ css/bootstrap.min.css.map.gz
[20260620_023059] [INFO]   ✔ css/bootstrap.rtl.css
[20260620_023059] [INFO]   ✔ css/bootstrap.rtl.css.br
[20260620_023100] [INFO]   ✔ css/bootstrap.rtl.css.gz
[20260620_023103] [INFO]   ✔ css/bootstrap.rtl.css.map
[20260620_023104] [INFO]   ✔ css/bootstrap.rtl.css.map.br
[20260620_023105] [INFO]   ✔ css/bootstrap.rtl.css.map.gz
[20260620_023106] [INFO]   ✔ css/bootstrap.rtl.min.css
[20260620_023107] [INFO]   ✔ css/bootstrap.rtl.min.css.br
[20260620_023108] [INFO]   ✔ css/bootstrap.rtl.min.css.gz
[20260620_023110] [INFO]   ✔ css/bootstrap.rtl.min.css.map
[20260620_023111] [INFO]   ✔ css/bootstrap.rtl.min.css.map.br
[20260620_023112] [INFO]   ✔ css/bootstrap.rtl.min.css.map.gz
[20260620_023114] [INFO]   ✔ js/bootstrap.bundle.js
[20260620_023115] [INFO]   ✔ js/bootstrap.bundle.js.br
[20260620_023116] [INFO]   ✔ js/bootstrap.bundle.js.gz
[20260620_023117] [INFO]   ✔ js/bootstrap.bundle.js.map
[20260620_023118] [INFO]   ✔ js/bootstrap.bundle.js.map.br
[20260620_023119] [INFO]   ✔ js/bootstrap.bundle.js.map.gz
[20260620_023120] [INFO]   ✔ js/bootstrap.bundle.min.js
[20260620_023121] [INFO]   ✔ js/bootstrap.bundle.min.js.br
[20260620_023122] [INFO]   ✔ js/bootstrap.bundle.min.js.gz
[20260620_023124] [INFO]   ✔ js/bootstrap.bundle.min.js.map
[20260620_023125] [INFO]   ✔ js/bootstrap.bundle.min.js.map.br
[20260620_023126] [INFO]   ✔ js/bootstrap.bundle.min.js.map.gz
[20260620_023127] [INFO]   ✔ js/bootstrap.esm.js
[20260620_023128] [INFO]   ✔ js/bootstrap.esm.js.br
[20260620_023129] [INFO]   ✔ js/bootstrap.esm.js.gz
[20260620_023130] [INFO]   ✔ js/bootstrap.esm.js.map
[20260620_023131] [INFO]   ✔ js/bootstrap.esm.js.map.br
[20260620_023132] [INFO]   ✔ js/bootstrap.esm.js.map.gz
[20260620_023133] [INFO]   ✔ js/bootstrap.esm.min.js
[20260620_023134] [INFO]   ✔ js/bootstrap.esm.min.js.br
[20260620_023135] [INFO]   ✔ js/bootstrap.esm.min.js.gz
[20260620_023136] [INFO]   ✔ js/bootstrap.esm.min.js.map
[20260620_023137] [INFO]   ✔ js/bootstrap.esm.min.js.map.br
[20260620_023138] [INFO]   ✔ js/bootstrap.esm.min.js.map.gz
[20260620_023139] [INFO]   ✔ js/bootstrap.js
[20260620_023140] [INFO]   ✔ js/bootstrap.js.br
[20260620_023141] [INFO]   ✔ js/bootstrap.js.gz
[20260620_023143] [INFO]   ✔ js/bootstrap.js.map
[20260620_023144] [INFO]   ✔ js/bootstrap.js.map.br
[20260620_023144] [INFO]   ✔ js/bootstrap.js.map.gz
[20260620_023145] [INFO]   ✔ js/bootstrap.min.js
[20260620_023146] [INFO]   ✔ js/bootstrap.min.js.br
[20260620_023147] [INFO]   ✔ js/bootstrap.min.js.gz
[20260620_023148] [INFO]   ✔ js/bootstrap.min.js.map
[20260620_023149] [INFO]   ✔ js/bootstrap.min.js.map.br
[20260620_023150] [INFO]   ✔ js/bootstrap.min.js.map.gz
[20260620_023152] [INFO]   ✔ emails/account-confirmation.html
[20260620_023153] [INFO]   ✔ emails/account-confirmation.html.br
[20260620_023154] [INFO]   ✔ emails/account-confirmation.html.gz
[20260620_023154] [INFO]   ✔ emails/account-reactivation.html
[20260620_023155] [INFO]   ✔ emails/account-reactivation.html.br
[20260620_023156] [INFO]   ✔ emails/account-reactivation.html.gz
[20260620_023156] [INFO]   ✔ emails/password-reset.html
[20260620_023157] [INFO]   ✔ emails/password-reset.html.br
[20260620_023158] [INFO]   ✔ emails/password-reset.html.gz
[20260620_023201] [INFO]   ✔ MudBlazor/MudBlazor.min.css
[20260620_023202] [INFO]   ✔ MudBlazor/MudBlazor.min.css.br
[20260620_023203] [INFO]   ✔ MudBlazor/MudBlazor.min.css.gz
[20260620_023204] [INFO]   ✔ MudBlazor/MudBlazor.min.js
[20260620_023204] [INFO]   ✔ MudBlazor/MudBlazor.min.js.br
[20260620_023205] [INFO]   ✔ MudBlazor/MudBlazor.min.js.gz
[20260620_023207] [INFO]   ✔ MudBlazor/MudBlazor.min.js.map
[20260620_023208] [INFO]   ✔ MudBlazor/MudBlazor.min.js.map.br
[20260620_023209] [INFO]   ✔ MudBlazor/MudBlazor.min.js.map.gz
[20260620_023211] [INFO]   ✔ _framework/blazor.server.js
[20260620_023211] [INFO]   ✔ _framework/blazor.server.js.br
[20260620_023212] [INFO]   ✔ _framework/blazor.server.js.gz
[20260620_023214] [INFO]   ✔ _framework/blazor.web.js
[20260620_023215] [INFO]   ✔ _framework/blazor.web.js.br
[20260620_023216] [INFO]   ✔ _framework/blazor.web.js.gz
[20260620_023218] [INFO]   ✔ /wwwroot/ZstdSharp.dll
[20260620_023218] [INFO] Upload FTP concluído.
[20260620_023218] [INFO] Conectando ao banco: mysql://db40038.databaseasp.net:***@db40038.public.databaseasp.net:3306
[20260620_023218] [ERROR] Falha no banco de dados: Erro ao conectar ao banco: UrlError { URL ParseError { invalid port number } }
[20260620_023218] [INFO] Deploy concluído com sucesso!
